11/18/2024 21:17:25 GMT+03:00 : Information : Local timezone is (UTC+03:00) Türkiye Saati
11/18/2024 21:17:25 GMT+03:00 : Information : Microsoft.VisualStudio.ProjectSystem.Query.Remoting.QueryExecutionService read: Content-Length: 308

{"jsonrpc":"2.0","id":0,"method":"ExecuteQueryAsync","params":["{\"context\":\"Projects\",\"query\":{\"$properties\":[\"Id\",\"Path\",\"Files\"],\"Files\":{\"$properties\":[\"Id\",\"Path\"],\"$filter\":{\"FilesByPath\":[[\"/Users/silakazan/Desktop/program.cs\"]]}},\"$where\":{\"any\":{\".\":\"Files\"}}}}"]}
11/18/2024 21:17:25 GMT+03:00 : Information : Added local RPC method "ExecuteQueryAsync" -> Microsoft.VisualStudio.ProjectSystem.Server.QueryExecutionServiceFactory+QueryExecutionServiceShim.ExecuteQueryAsync(String, CancellationToken) (Microsoft.VisualStudio.ProjectSystem.Server.QueryExecutionServiceFactory+QueryExecutionServiceShim)
11/18/2024 21:17:25 GMT+03:00 : Information : Added local RPC method "ExecuteRemoteExecutableAsync" -> Microsoft.VisualStudio.ProjectSystem.Server.QueryExecutionServiceFactory+QueryExecutionServiceShim.ExecuteRemoteExecutableAsync(String, CancellationToken) (Microsoft.VisualStudio.ProjectSystem.Server.QueryExecutionServiceFactory+QueryExecutionServiceShim)
11/18/2024 21:17:25 GMT+03:00 : Information : Added local RPC method "GetServiceIdentityAsync" -> Microsoft.VisualStudio.ProjectSystem.Server.QueryExecutionServiceFactory+QueryExecutionServiceShim.GetServiceIdentityAsync(CancellationToken) (Microsoft.VisualStudio.ProjectSystem.Server.QueryExecutionServiceFactory+QueryExecutionServiceShim)
11/18/2024 21:17:25 GMT+03:00 : Information : Added local RPC method "QueryAsync" -> Microsoft.VisualStudio.ProjectSystem.Server.QueryExecutionServiceFactory+QueryExecutionServiceShim.QueryAsync(String, CancellationToken) (Microsoft.VisualStudio.ProjectSystem.Server.QueryExecutionServiceFactory+QueryExecutionServiceShim)
11/18/2024 21:17:25 GMT+03:00 : Information : Added local RPC method "SubscribeQueryResultsAsync" -> Microsoft.VisualStudio.ProjectSystem.Server.QueryExecutionServiceFactory+QueryExecutionServiceShim.SubscribeQueryResultsAsync(String, IObserver`1, CancellationToken) (Microsoft.VisualStudio.ProjectSystem.Server.QueryExecutionServiceFactory+QueryExecutionServiceShim)
11/18/2024 21:17:25 GMT+03:00 : Information : Added local RPC method "TrackQueryUpdatesAsync" -> Microsoft.VisualStudio.ProjectSystem.Server.QueryExecutionServiceFactory+QueryExecutionServiceShim.TrackQueryUpdatesAsync(String, IObserver`1, CancellationToken) (Microsoft.VisualStudio.ProjectSystem.Server.QueryExecutionServiceFactory+QueryExecutionServiceShim)
11/18/2024 21:17:25 GMT+03:00 : Information : Added local RPC method "Dispose" -> Microsoft.VisualStudio.ProjectSystem.OnceInitializedOnceDisposedAsync.Dispose() (Microsoft.VisualStudio.ProjectSystem.Server.QueryExecutionServiceFactory+QueryExecutionServiceShim)
11/18/2024 21:17:25 GMT+03:00 : Information : Added local RPC method "DisposeAsync" -> Microsoft.VisualStudio.ProjectSystem.OnceInitializedOnceDisposedAsync.DisposeAsync() (Microsoft.VisualStudio.ProjectSystem.Server.QueryExecutionServiceFactory+QueryExecutionServiceShim)
11/18/2024 21:17:25 GMT+03:00 : Information : Added local RPC method "ExecuteQuery" -> Microsoft.VisualStudio.ProjectSystem.Server.QueryExecutionServiceFactory+QueryExecutionServiceShim.ExecuteQueryAsync(String, CancellationToken) (Microsoft.VisualStudio.ProjectSystem.Server.QueryExecutionServiceFactory+QueryExecutionServiceShim)
11/18/2024 21:17:25 GMT+03:00 : Information : Added local RPC method "ExecuteRemoteExecutable" -> Microsoft.VisualStudio.ProjectSystem.Server.QueryExecutionServiceFactory+QueryExecutionServiceShim.ExecuteRemoteExecutableAsync(String, CancellationToken) (Microsoft.VisualStudio.ProjectSystem.Server.QueryExecutionServiceFactory+QueryExecutionServiceShim)
11/18/2024 21:17:25 GMT+03:00 : Information : Added local RPC method "GetServiceIdentity" -> Microsoft.VisualStudio.ProjectSystem.Server.QueryExecutionServiceFactory+QueryExecutionServiceShim.GetServiceIdentityAsync(CancellationToken) (Microsoft.VisualStudio.ProjectSystem.Server.QueryExecutionServiceFactory+QueryExecutionServiceShim)
11/18/2024 21:17:25 GMT+03:00 : Information : Added local RPC method "Query" -> Microsoft.VisualStudio.ProjectSystem.Server.QueryExecutionServiceFactory+QueryExecutionServiceShim.QueryAsync(String, CancellationToken) (Microsoft.VisualStudio.ProjectSystem.Server.QueryExecutionServiceFactory+QueryExecutionServiceShim)
11/18/2024 21:17:25 GMT+03:00 : Information : Added local RPC method "SubscribeQueryResults" -> Microsoft.VisualStudio.ProjectSystem.Server.QueryExecutionServiceFactory+QueryExecutionServiceShim.SubscribeQueryResultsAsync(String, IObserver`1, CancellationToken) (Microsoft.VisualStudio.ProjectSystem.Server.QueryExecutionServiceFactory+QueryExecutionServiceShim)
11/18/2024 21:17:25 GMT+03:00 : Information : Added local RPC method "TrackQueryUpdates" -> Microsoft.VisualStudio.ProjectSystem.Server.QueryExecutionServiceFactory+QueryExecutionServiceShim.TrackQueryUpdatesAsync(String, IObserver`1, CancellationToken) (Microsoft.VisualStudio.ProjectSystem.Server.QueryExecutionServiceFactory+QueryExecutionServiceShim)
11/18/2024 21:17:25 GMT+03:00: Information : 3 :Listening started.
11/18/2024 21:17:25 GMT+03:00: Information : 7 :{"id":0,"method":"ExecuteQueryAsync"}
11/18/2024 21:17:25 GMT+03:00: Information : 6 :Received request "0" for method "ExecuteQueryAsync".
11/18/2024 21:17:25 GMT+03:00: Information : 9 :Invoking Microsoft.VisualStudio.ProjectSystem.Server.QueryExecutionServiceFactory+QueryExecutionServiceShim.ExecuteQueryAsync(String, CancellationToken)
11/18/2024 21:17:25 GMT+03:00 : Start : ExecuteQueryAsync
11/18/2024 21:17:25 GMT+03:00: Error : 10 :Exception thrown from request "0" for method ExecuteQueryAsync: System.AggregateException: One or more errors occurred. (Çalışma alanında hiçbir proje veya çözüm açılmadı.)
 ---> System.InvalidOperationException: Çalışma alanında hiçbir proje veya çözüm açılmadı.
   at Microsoft.VisualStudio.ProjectSystem.Server.QueryExecutionServiceFactory.QueryExecutionServiceShim.CheckAndThrowWhenNoSolutionOpenedAsync(CancellationToken cancellationToken)
   at Microsoft.VisualStudio.ProjectSystem.Server.QueryExecutionServiceFactory.QueryExecutionServiceShim.<ExecuteQueryAsync>g__ExecuteQueryImplementationAsync|5_0(String query, CancellationToken cancellationToken)
   --- End of inner exception stack trace ---
11/18/2024 21:17:25 GMT+03:00: Error : 10 :System.AggregateException: One or more errors occurred. (Çalışma alanında hiçbir proje veya çözüm açılmadı.)
 ---> System.InvalidOperationException: Çalışma alanında hiçbir proje veya çözüm açılmadı.
   at Microsoft.VisualStudio.ProjectSystem.Server.QueryExecutionServiceFactory.QueryExecutionServiceShim.CheckAndThrowWhenNoSolutionOpenedAsync(CancellationToken cancellationToken)
   at Microsoft.VisualStudio.ProjectSystem.Server.QueryExecutionServiceFactory.QueryExecutionServiceShim.<ExecuteQueryAsync>g__ExecuteQueryImplementationAsync|5_0(String query, CancellationToken cancellationToken)
   --- End of inner exception stack trace ---, ExecuteQueryAsync, 0, Newtonsoft.Json.Linq.JToken[]
11/18/2024 21:17:25 GMT+03:00 : Stop : ExecuteQueryAsync
11/18/2024 21:17:25 GMT+03:00: Information : 8 :{"id":0,"error":{"code":-32000,"message":"Çalışma alanında hiçbir proje veya çözüm açılmadı."}}
11/18/2024 21:17:25 GMT+03:00 : Information : Microsoft.VisualStudio.ProjectSystem.Query.Remoting.QueryExecutionService write: Content-Length: 672

{"jsonrpc":"2.0","id":0,"error":{"data":{"type":"System.InvalidOperationException","message":"Çalışma alanında hiçbir proje veya çözüm açılmadı.","stack":"   at Microsoft.VisualStudio.ProjectSystem.Server.QueryExecutionServiceFactory.QueryExecutionServiceShim.CheckAndThrowWhenNoSolutionOpenedAsync(CancellationToken cancellationToken)\n   at Microsoft.VisualStudio.ProjectSystem.Server.QueryExecutionServiceFactory.QueryExecutionServiceShim.<ExecuteQueryAsync>g__ExecuteQueryImplementationAsync|5_0(String query, CancellationToken cancellationToken)","code":-2146233079},"code":-32000,"message":"Çalışma alanında hiçbir proje veya çözüm açılmadı."}}
11/18/2024 21:17:25 GMT+03:00 : Information : Microsoft.VisualStudio.ProjectSystem.Query.Remoting.QueryExecutionService read: end of stream
11/18/2024 21:17:25 GMT+03:00: Information : 13 :Connection closing (RemotePartyTerminated: Akışın sonuna ulaşıldı.). 
11/18/2024 21:17:25 GMT+03:00 : Information : Waiting for 'Microsoft.VisualStudio.ProjectSystem.Query.Remoting.QueryExecutionService' instance to complete its completionTask.
11/18/2024 21:17:25 GMT+03:00 : Information : Disposed 'Microsoft.VisualStudio.ProjectSystem.Query.Remoting.QueryExecutionService' via 'completionTask' method.
11/18/2024 21:17:25 GMT+03:00 : Information : Finishing shutting down service: Microsoft.VisualStudio.ProjectSystem.Query.Remoting.QueryExecutionService.
