11/18/2024 21:22:33 GMT+03:00 : Information : Local timezone is (UTC+03:00) Türkiye Saati
11/18/2024 21:22:33 GMT+03:00 : Information : Started controller with command line /Users/silakazan/.vscode/extensions/ms-dotnettools.csdevkit-1.7.27-darwin-arm64/components/vs-green-server/platforms/darwin-arm64/node_modules/@microsoft/servicehub-controller-net60.darwin-arm64/Microsoft.ServiceHub.Controller e06ea26b96 /ControllerCooldownTimeout:30000 /TelemetrySession:{"TelemetryLevel":"all","IsOptedIn":false,"HostName":"Default","AppInsightsInstrumentationKey":null,"AsimovInstrumentationKey":null,"CollectorApiKey":"0c6ae279ed8443289764825290e4f9e2-1a736e7c-1324-4338-be46-fc2a58ae4d14-7255","AppId":1010,"UserId":"22468056-ad59-4bda-a93c-56bbc8601b2e","Id":"dea30382-a636-4ff0-b3d8-430e4a5dd5a71731954115597","ProcessStartTime":133764277527961100,"SkuName":null,"VSExeVersion":null,"BucketFiltersToEnableWatsonForFaults":[],"BucketFiltersToAddDumpsToFaults":[]}
11/18/2024 21:22:33 GMT+03:00 : Information : Acquiring single controller instance mutex with name '2070205072-ServiceHubControllerSingleInstanceMutex'
11/18/2024 21:22:33 GMT+03:00 : Information : Acquired single controller instance mutex with name '2070205072-ServiceHubControllerSingleInstanceMutex'
11/18/2024 21:22:33 GMT+03:00 : Information : Controller cooldown timeout is set to 30000ms
11/18/2024 21:22:33 GMT+03:00 : Information : Starting server 'hubController' at 'net.pipe://e06ea26b96' (at '/Users/silakazan/.ServiceHub/e06ea26b96/e06ea26b96').
11/18/2024 21:22:33 GMT+03:00 : Information : Successfully started server on pipe e06ea26b96
11/18/2024 21:22:33 GMT+03:00 : Information : Triggered controller shutdown timer process.
11/18/2024 21:22:33 GMT+03:00 : Information : Client connected to controller
11/18/2024 21:22:33 GMT+03:00 : Information : Client connected to controller
11/18/2024 21:22:33 GMT+03:00 : Information : Client connected to controller
11/18/2024 21:22:33 GMT+03:00 : Information : Microsoft.ServiceHub.Controller.HubController read: end of stream
11/18/2024 21:22:33 GMT+03:00 : Information : Microsoft.ServiceHub.Controller.HubController read: end of stream
11/18/2024 21:22:33 GMT+03:00 : Information : Microsoft.ServiceHub.Controller.HubController read: Content-Length: 108

{"jsonrpc":"2.0","id":2,"method":"UpdateClientInfoAsync","params":[{"clientName":"VsHubClient","pid":4856}]}
11/18/2024 21:22:33 GMT+03:00 : Information : JsonRpc disconnected due to RemotePartyTerminated. Reached end of stream.
11/18/2024 21:22:33 GMT+03:00 : Information : JsonRpc disconnected due to RemotePartyTerminated. Reached end of stream.
11/18/2024 21:22:33 GMT+03:00 : Information : Starting server 'clientWatch' at 'net.pipe://4863B96BF5' (at '/Users/silakazan/.ServiceHub/e06ea26b96/4863B96BF5').
11/18/2024 21:22:33 GMT+03:00 : Information : Microsoft.ServiceHub.Controller.HubController write: Content-Length: 445

{"jsonrpc":"2.0","id":2,"result":{"ClientWatchServerName":"net.pipe://4863B96BF5","ControllerConfig":{"Executable":"/Users/silakazan/.vscode/extensions/ms-dotnettools.csdevkit-1.7.27-darwin-arm64/components/vs-green-server/platforms/darwin-arm64/node_modules/@microsoft/servicehub-controller-net60.darwin-arm64/Microsoft.ServiceHub.Controller","Args":["e06ea26b96"],"PipeName":"e06ea26b96"},"HostsConfig":{"RootDir":".","AppConfigFallback":""}}}
11/18/2024 21:22:33 GMT+03:00 : Information : External client connect to client watch
11/18/2024 21:22:33 GMT+03:00 : Information : Microsoft.ServiceHub.Controller.HubController read: Content-Length: 1310

{"jsonrpc":"2.0","id":3,"method":"requestServiceChannel","params":[{"Name":"Microsoft.TemplateEngine.VSCode.TemplateService","Version":"0.1"},{"ActivationArguments":{"__servicehub__ServiceModuleInfo_Microsoft.TemplateEngine.VSCode.TemplateService":"{\"name\":null,\"host\":\"dotnet\",\"hostId\":\"C94B8CFE-E3FD-4BAF-A941-2866DBB566FE\",\"serviceBaseDirectory\":\"/Users/silakazan/.vscode/extensions/ms-dotnettools.csdevkit-1.7.27-darwin-arm64/components/dotnet-project-system-vscode/node_modules/@microsoft/vscode.templateengine\",\"entryPoint\":{\"assemblyPath\":\"/Users/silakazan/.vscode/extensions/ms-dotnettools.csdevkit-1.7.27-darwin-arm64/components/dotnet-project-system-vscode/node_modules/@microsoft/vscode.templateengine/Microsoft.TemplateEngine.VSCode.dll\",\"fullClassName\":\"Microsoft.TemplateEngine.VSCode.TemplateServiceFactory\",\"scriptPath\":null,\"constructorFunction\":null,\"configPath\":null,\"appBasePath\":null,\"assemblySearchPathsConfig\":null},\"hostGroupAllowed\":null,\"hostGroupId\":null,\"serviceOverride\":null,\"singleDomainLoaderOptimization\":null,\"versionRange\":null,\"friendServices\":null}","__servicehub__ServiceHubRemoteServiceBrokerPipeName":"/Users/silakazan/.ServiceHub/e06ea26b96/93b4305691"},"ClientCredentials":{},"ClientCulture":"tr","ClientUICulture":"tr"}]}
11/18/2024 21:22:33 GMT+03:00 : Information : Microsoft.ServiceHub.Controller.HubController read: Content-Length: 1430

{"jsonrpc":"2.0","id":4,"method":"requestServiceChannel","params":[{"Name":"Microsoft.VisualStudio.TestWindow.VSCode.Service","Version":"0.1"},{"ActivationArguments":{"__servicehub__ServiceModuleInfo_Microsoft.VisualStudio.TestWindow.VSCode.Service":"{\"name\":null,\"host\":\"dotnet\",\"hostId\":\"C94B8CFE-E3FD-4BAF-A941-2866DBB566FE\",\"serviceBaseDirectory\":\"/Users/silakazan/.vscode/extensions/ms-dotnettools.csdevkit-1.7.27-darwin-arm64/components/VSUnitTesting/platforms/darwin-arm64/node_modules/@microsoft/visualstudio-testwindow-vscode-service.darwin-arm64\",\"entryPoint\":{\"assemblyPath\":\"/Users/silakazan/.vscode/extensions/ms-dotnettools.csdevkit-1.7.27-darwin-arm64/components/VSUnitTesting/platforms/darwin-arm64/node_modules/@microsoft/visualstudio-testwindow-vscode-service.darwin-arm64/Microsoft.VisualStudio.TestWindow.VSCode.Service.dll\",\"fullClassName\":\"Microsoft.VisualStudio.TestWindow.VSCode.Service.TestWindowVSCodeServiceFactory\",\"scriptPath\":null,\"constructorFunction\":null,\"configPath\":null,\"appBasePath\":null,\"assemblySearchPathsConfig\":null},\"hostGroupAllowed\":null,\"hostGroupId\":null,\"serviceOverride\":null,\"singleDomainLoaderOptimization\":null,\"versionRange\":null,\"friendServices\":null}","__servicehub__ServiceHubRemoteServiceBrokerPipeName":"/Users/silakazan/.ServiceHub/e06ea26b96/cf3b32b28c"},"ClientCredentials":{},"ClientCulture":"tr","ClientUICulture":"tr"}]}Content-Length: 1408

{"jsonrpc":"2.0","id":5,"method":"requestServiceChannel","params":[{"Name":"Microsoft.VisualStudio.LaunchConfigurationService"},{"ActivationArguments":{"__servicehub__ServiceModuleInfo_Microsoft.VisualStudio.LaunchConfigurationService":"{\"name\":null,\"host\":\"dotnet.projectSystem\",\"hostId\":\"C94B8CFE-E3FD-4BAF-A941-2866DBB566FE\",\"serviceBaseDirectory\":\"/Users/silakazan/.vscode/extensions/ms-dotnettools.csdevkit-1.7.27-darwin-arm64/components/CPS/platforms/darwin-arm64/node_modules/@microsoft/visualstudio-projectsystem-server.darwin-arm64\",\"entryPoint\":{\"assemblyPath\":\"/Users/silakazan/.vscode/extensions/ms-dotnettools.csdevkit-1.7.27-darwin-arm64/components/CPS/platforms/darwin-arm64/node_modules/@microsoft/visualstudio-projectsystem-server.darwin-arm64/Microsoft.VisualStudio.ProjectSystem.Server.Implementation.dll\",\"fullClassName\":\"Microsoft.VisualStudio.ProjectSystem.Server.LaunchConfigurationServiceFactory\",\"scriptPath\":null,\"constructorFunction\":null,\"configPath\":null,\"appBasePath\":null,\"assemblySearchPathsConfig\":null},\"hostGroupAllowed\":null,\"hostGroupId\":null,\"serviceOverride\":null,\"singleDomainLoaderOptimization\":null,\"versionRange\":null,\"friendServices\":null}","__servicehub__ServiceHubRemoteServiceBrokerPipeName":"/Users/silakazan/.ServiceHub/e06ea26b96/3c8a82b00a"},"ClientCredentials":{},"ClientCulture":"tr","ClientUICulture":"tr"}]}
11/18/2024 21:22:33 GMT+03:00 : Information : Locating service 'Microsoft.TemplateEngine.VSCode.TemplateService' requested by VsHubClient (pid:4856)
11/18/2024 21:22:33 GMT+03:00 : Information : Service 'Microsoft.TemplateEngine.VSCode.TemplateService' has not been loaded before. Loading now.
11/18/2024 21:22:33 GMT+03:00 : Information : Starting server 'hostCallback' at 'net.pipe://48638581DC' (at '/Users/silakazan/.ServiceHub/e06ea26b96/48638581DC').
11/18/2024 21:22:33 GMT+03:00 : Information : Discovering configuration files for 'HostConfigurationFileManager'
11/18/2024 21:22:33 GMT+03:00 : Information : Found configuration file "/Users/silakazan/.vscode/extensions/ms-dotnettools.csdevkit-1.7.27-darwin-arm64/components/servicehub/dotnet.projectSystem.servicehub.host.json"
11/18/2024 21:22:33 GMT+03:00 : Information : Found configuration file 'dotnet.projectSystem' at "/Users/silakazan/.vscode/extensions/ms-dotnettools.csdevkit-1.7.27-darwin-arm64/components/servicehub/dotnet.projectSystem.servicehub.host.json"
11/18/2024 21:22:33 GMT+03:00 : Information : Found configuration file "/Users/silakazan/.vscode/extensions/ms-dotnettools.csdevkit-1.7.27-darwin-arm64/components/servicehub/dotnet.aspireServer.servicehub.host.json"
11/18/2024 21:22:33 GMT+03:00 : Information : Found configuration file 'dotnet.aspireServer' at "/Users/silakazan/.vscode/extensions/ms-dotnettools.csdevkit-1.7.27-darwin-arm64/components/servicehub/dotnet.aspireServer.servicehub.host.json"
11/18/2024 21:22:33 GMT+03:00 : Information : Found configuration file "/Users/silakazan/.vscode/extensions/ms-dotnettools.csdevkit-1.7.27-darwin-arm64/components/servicehub/dotnet.servicehub.host.json"
11/18/2024 21:22:33 GMT+03:00 : Information : Found configuration file 'dotnet' at "/Users/silakazan/.vscode/extensions/ms-dotnettools.csdevkit-1.7.27-darwin-arm64/components/servicehub/dotnet.servicehub.host.json"
11/18/2024 21:22:33 GMT+03:00 : Information : Loading host info for 'dotnet' from '/Users/silakazan/.vscode/extensions/ms-dotnettools.csdevkit-1.7.27-darwin-arm64/components/servicehub/dotnet.servicehub.host.json'
11/18/2024 21:22:33 GMT+03:00 : Information : Launching 'dotnet$C94B8CFE-E3FD-4BAF-A941-2866DBB566FE' hub host with command line: '/Users/silakazan/.vscode/extensions/ms-dotnettools.csdevkit-1.7.27-darwin-arm64/components/vs-green-server/platforms/darwin-arm64/node_modules/@microsoft/visualstudio-code-servicehost.darwin-arm64/Microsoft.VisualStudio.Code.ServiceHost dotnet$C94B8CFE-E3FD-4BAF-A941-2866DBB566FE net.pipe://48638581DC "/TelemetrySession:{\"TelemetryLevel\":\"all\",\"IsOptedIn\":false,\"HostName\":\"Default\",\"AppInsightsInstrumentationKey\":null,\"AsimovInstrumentationKey\":null,\"CollectorApiKey\":\"0c6ae279ed8443289764825290e4f9e2-1a736e7c-1324-4338-be46-fc2a58ae4d14-7255\",\"AppId\":1010,\"UserId\":\"22468056-ad59-4bda-a93c-56bbc8601b2e\",\"Id\":\"dea30382-a636-4ff0-b3d8-430e4a5dd5a71731954115597\",\"ProcessStartTime\":133764277527961100,\"SkuName\":null,\"VSExeVersion\":null,\"BucketFiltersToEnableWatsonForFaults\":[],\"BucketFiltersToAddDumpsToFaults\":[]}"'
11/18/2024 21:22:33 GMT+03:00 : Information : Launched 'dotnet$C94B8CFE-E3FD-4BAF-A941-2866DBB566FE' hub host. PID: 4876
11/18/2024 21:22:33 GMT+03:00 : Information : Locating service 'Microsoft.VisualStudio.TestWindow.VSCode.Service' requested by VsHubClient (pid:4856)
11/18/2024 21:22:33 GMT+03:00 : Information : Service 'Microsoft.VisualStudio.TestWindow.VSCode.Service' has not been loaded before. Loading now.
11/18/2024 21:22:33 GMT+03:00 : Information : Locating service 'Microsoft.VisualStudio.LaunchConfigurationService' requested by VsHubClient (pid:4856)
11/18/2024 21:22:33 GMT+03:00 : Information : Service 'Microsoft.VisualStudio.LaunchConfigurationService' has not been loaded before. Loading now.
11/18/2024 21:22:33 GMT+03:00 : Information : Loading host info for 'dotnet.projectSystem' from '/Users/silakazan/.vscode/extensions/ms-dotnettools.csdevkit-1.7.27-darwin-arm64/components/servicehub/dotnet.projectSystem.servicehub.host.json'
11/18/2024 21:22:33 GMT+03:00 : Information : Launching 'dotnet.projectSystem$C94B8CFE-E3FD-4BAF-A941-2866DBB566FE' hub host with command line: '/Users/silakazan/.vscode/extensions/ms-dotnettools.csdevkit-1.7.27-darwin-arm64/components/vs-green-server/platforms/darwin-arm64/node_modules/@microsoft/visualstudio-code-servicehost.darwin-arm64/Microsoft.VisualStudio.Code.ServiceHost dotnet.projectSystem$C94B8CFE-E3FD-4BAF-A941-2866DBB566FE net.pipe://48638581DC "/TelemetrySession:{\"TelemetryLevel\":\"all\",\"IsOptedIn\":false,\"HostName\":\"Default\",\"AppInsightsInstrumentationKey\":null,\"AsimovInstrumentationKey\":null,\"CollectorApiKey\":\"0c6ae279ed8443289764825290e4f9e2-1a736e7c-1324-4338-be46-fc2a58ae4d14-7255\",\"AppId\":1010,\"UserId\":\"22468056-ad59-4bda-a93c-56bbc8601b2e\",\"Id\":\"dea30382-a636-4ff0-b3d8-430e4a5dd5a71731954115597\",\"ProcessStartTime\":133764277527961100,\"SkuName\":null,\"VSExeVersion\":null,\"BucketFiltersToEnableWatsonForFaults\":[],\"BucketFiltersToAddDumpsToFaults\":[]}"'
11/18/2024 21:22:33 GMT+03:00 : Information : Setting environment variable 'DOTNET_ROOT' to '/Users/silakazan/Library/Application Support/Code/User/globalStorage/ms-dotnettools.vscode-dotnet-runtime/.dotnet/8.0.11~arm64' in the "/Users/silakazan/.vscode/extensions/ms-dotnettools.csdevkit-1.7.27-darwin-arm64/components/vs-green-server/platforms/darwin-arm64/node_modules/@microsoft/visualstudio-code-servicehost.darwin-arm64/Microsoft.VisualStudio.Code.ServiceHost" process.
11/18/2024 21:22:33 GMT+03:00 : Information : Setting environment variable 'DOTNET_ROLL_FORWARD_TO_PRERELEASE' to '0' in the "/Users/silakazan/.vscode/extensions/ms-dotnettools.csdevkit-1.7.27-darwin-arm64/components/vs-green-server/platforms/darwin-arm64/node_modules/@microsoft/visualstudio-code-servicehost.darwin-arm64/Microsoft.VisualStudio.Code.ServiceHost" process.
11/18/2024 21:22:33 GMT+03:00 : Information : Setting environment variable 'DOTNET_ROLL_FORWARD' to 'Major' in the "/Users/silakazan/.vscode/extensions/ms-dotnettools.csdevkit-1.7.27-darwin-arm64/components/vs-green-server/platforms/darwin-arm64/node_modules/@microsoft/visualstudio-code-servicehost.darwin-arm64/Microsoft.VisualStudio.Code.ServiceHost" process.
11/18/2024 21:22:33 GMT+03:00 : Information : Launched 'dotnet.projectSystem$C94B8CFE-E3FD-4BAF-A941-2866DBB566FE' hub host. PID: 4879
11/18/2024 21:22:33 GMT+03:00 : Information : LocationService write: Content-Length: 111

{"jsonrpc":"2.0","id":2,"method":"initializeHost","params":[{"HostsRootDirectory":".","AppConfigFallback":""}]}
11/18/2024 21:22:33 GMT+03:00 : Information : LocationService read: Content-Length: 79

{"jsonrpc":"2.0","id":2,"result":"dotnet$C94B8CFE-E3FD-4BAF-A941-2866DBB566FE"}
11/18/2024 21:22:33 GMT+03:00 : Information : LocationService write: Content-Length: 2131

{"jsonrpc":"2.0","id":4,"method":"startService","params":[{"name":"Microsoft.VisualStudio.TestWindow.VSCode.Service","host":"dotnet","hostId":"C94B8CFE-E3FD-4BAF-A941-2866DBB566FE","serviceBaseDirectory":"/Users/silakazan/.vscode/extensions/ms-dotnettools.csdevkit-1.7.27-darwin-arm64/components/VSUnitTesting/platforms/darwin-arm64/node_modules/@microsoft/visualstudio-testwindow-vscode-service.darwin-arm64","entryPoint":{"assemblyPath":"/Users/silakazan/.vscode/extensions/ms-dotnettools.csdevkit-1.7.27-darwin-arm64/components/VSUnitTesting/platforms/darwin-arm64/node_modules/@microsoft/visualstudio-testwindow-vscode-service.darwin-arm64/Microsoft.VisualStudio.TestWindow.VSCode.Service.dll","fullClassName":"Microsoft.VisualStudio.TestWindow.VSCode.Service.TestWindowVSCodeServiceFactory"}},{"ActivationArguments":{"__servicehub__ServiceModuleInfo_Microsoft.VisualStudio.TestWindow.VSCode.Service":"{\"name\":null,\"host\":\"dotnet\",\"hostId\":\"C94B8CFE-E3FD-4BAF-A941-2866DBB566FE\",\"serviceBaseDirectory\":\"/Users/silakazan/.vscode/extensions/ms-dotnettools.csdevkit-1.7.27-darwin-arm64/components/VSUnitTesting/platforms/darwin-arm64/node_modules/@microsoft/visualstudio-testwindow-vscode-service.darwin-arm64\",\"entryPoint\":{\"assemblyPath\":\"/Users/silakazan/.vscode/extensions/ms-dotnettools.csdevkit-1.7.27-darwin-arm64/components/VSUnitTesting/platforms/darwin-arm64/node_modules/@microsoft/visualstudio-testwindow-vscode-service.darwin-arm64/Microsoft.VisualStudio.TestWindow.VSCode.Service.dll\",\"fullClassName\":\"Microsoft.VisualStudio.TestWindow.VSCode.Service.TestWindowVSCodeServiceFactory\",\"scriptPath\":null,\"constructorFunction\":null,\"configPath\":null,\"appBasePath\":null,\"assemblySearchPathsConfig\":null},\"hostGroupAllowed\":null,\"hostGroupId\":null,\"serviceOverride\":null,\"singleDomainLoaderOptimization\":null,\"versionRange\":null,\"friendServices\":null}","__servicehub__ServiceHubRemoteServiceBrokerPipeName":"/Users/silakazan/.ServiceHub/e06ea26b96/cf3b32b28c","__servicehub__RequestedServiceVersion":"0.1"},"ClientCredentials":{},"ClientCulture":"tr","ClientUICulture":"tr"}]}
11/18/2024 21:22:33 GMT+03:00 : Information : LocationService write: Content-Length: 1893

{"jsonrpc":"2.0","id":3,"method":"startService","params":[{"name":"Microsoft.TemplateEngine.VSCode.TemplateService","host":"dotnet","hostId":"C94B8CFE-E3FD-4BAF-A941-2866DBB566FE","serviceBaseDirectory":"/Users/silakazan/.vscode/extensions/ms-dotnettools.csdevkit-1.7.27-darwin-arm64/components/dotnet-project-system-vscode/node_modules/@microsoft/vscode.templateengine","entryPoint":{"assemblyPath":"/Users/silakazan/.vscode/extensions/ms-dotnettools.csdevkit-1.7.27-darwin-arm64/components/dotnet-project-system-vscode/node_modules/@microsoft/vscode.templateengine/Microsoft.TemplateEngine.VSCode.dll","fullClassName":"Microsoft.TemplateEngine.VSCode.TemplateServiceFactory"}},{"ActivationArguments":{"__servicehub__ServiceModuleInfo_Microsoft.TemplateEngine.VSCode.TemplateService":"{\"name\":null,\"host\":\"dotnet\",\"hostId\":\"C94B8CFE-E3FD-4BAF-A941-2866DBB566FE\",\"serviceBaseDirectory\":\"/Users/silakazan/.vscode/extensions/ms-dotnettools.csdevkit-1.7.27-darwin-arm64/components/dotnet-project-system-vscode/node_modules/@microsoft/vscode.templateengine\",\"entryPoint\":{\"assemblyPath\":\"/Users/silakazan/.vscode/extensions/ms-dotnettools.csdevkit-1.7.27-darwin-arm64/components/dotnet-project-system-vscode/node_modules/@microsoft/vscode.templateengine/Microsoft.TemplateEngine.VSCode.dll\",\"fullClassName\":\"Microsoft.TemplateEngine.VSCode.TemplateServiceFactory\",\"scriptPath\":null,\"constructorFunction\":null,\"configPath\":null,\"appBasePath\":null,\"assemblySearchPathsConfig\":null},\"hostGroupAllowed\":null,\"hostGroupId\":null,\"serviceOverride\":null,\"singleDomainLoaderOptimization\":null,\"versionRange\":null,\"friendServices\":null}","__servicehub__ServiceHubRemoteServiceBrokerPipeName":"/Users/silakazan/.ServiceHub/e06ea26b96/93b4305691","__servicehub__RequestedServiceVersion":"0.1"},"ClientCredentials":{},"ClientCulture":"tr","ClientUICulture":"tr"}]}
11/18/2024 21:22:33 GMT+03:00 : Information : LocationService write: Content-Length: 111

{"jsonrpc":"2.0","id":2,"method":"initializeHost","params":[{"HostsRootDirectory":".","AppConfigFallback":""}]}
11/18/2024 21:22:33 GMT+03:00 : Information : LocationService read: Content-Length: 86

{"jsonrpc":"2.0","id":4,"result":"/Users/silakazan/.ServiceHub/e06ea26b96/2abc8f099d"}
11/18/2024 21:22:33 GMT+03:00 : Information : Located service \'Microsoft.VisualStudio.TestWindow.VSCode.Service\' at '/Users/silakazan/.ServiceHub/e06ea26b96/2abc8f099d @ dotnet$C94B8CFE-E3FD-4BAF-A941-2866DBB566FE' requested by VsHubClient (pid:4856)
11/18/2024 21:22:33 GMT+03:00 : Information : LocationService read: Content-Length: 86

{"jsonrpc":"2.0","id":3,"result":"/Users/silakazan/.ServiceHub/e06ea26b96/007c8a0d76"}
11/18/2024 21:22:33 GMT+03:00 : Information : Located service \'Microsoft.TemplateEngine.VSCode.TemplateService\' at '/Users/silakazan/.ServiceHub/e06ea26b96/007c8a0d76 @ dotnet$C94B8CFE-E3FD-4BAF-A941-2866DBB566FE' requested by VsHubClient (pid:4856)
11/18/2024 21:22:33 GMT+03:00 : Information : Microsoft.ServiceHub.Controller.HubController write: Content-Length: 166

{"jsonrpc":"2.0","id":4,"result":{"RequestId":"19868701-81bb-4224-828c-8f4984128fd1","PipeName":"/Users/silakazan/.ServiceHub/e06ea26b96/2abc8f099d","IsEmpty":false}}Content-Length: 166

{"jsonrpc":"2.0","id":3,"result":{"RequestId":"23d4bea2-982e-40f8-b23f-f09c4c48b59d","PipeName":"/Users/silakazan/.ServiceHub/e06ea26b96/007c8a0d76","IsEmpty":false}}
11/18/2024 21:22:33 GMT+03:00 : Information : LocationService read: Content-Length: 105

{"jsonrpc":"2.0","method":"hostServicesStarted","params":["dotnet$C94B8CFE-E3FD-4BAF-A941-2866DBB566FE"]}
11/18/2024 21:22:33 GMT+03:00 : Information : LocationService read: Content-Length: 93

{"jsonrpc":"2.0","id":2,"result":"dotnet.projectSystem$C94B8CFE-E3FD-4BAF-A941-2866DBB566FE"}
11/18/2024 21:22:33 GMT+03:00 : Information : LocationService write: Content-Length: 2071

{"jsonrpc":"2.0","id":3,"method":"startService","params":[{"name":"Microsoft.VisualStudio.LaunchConfigurationService","host":"dotnet.projectSystem","hostId":"C94B8CFE-E3FD-4BAF-A941-2866DBB566FE","serviceBaseDirectory":"/Users/silakazan/.vscode/extensions/ms-dotnettools.csdevkit-1.7.27-darwin-arm64/components/CPS/platforms/darwin-arm64/node_modules/@microsoft/visualstudio-projectsystem-server.darwin-arm64","entryPoint":{"assemblyPath":"/Users/silakazan/.vscode/extensions/ms-dotnettools.csdevkit-1.7.27-darwin-arm64/components/CPS/platforms/darwin-arm64/node_modules/@microsoft/visualstudio-projectsystem-server.darwin-arm64/Microsoft.VisualStudio.ProjectSystem.Server.Implementation.dll","fullClassName":"Microsoft.VisualStudio.ProjectSystem.Server.LaunchConfigurationServiceFactory"}},{"ActivationArguments":{"__servicehub__ServiceModuleInfo_Microsoft.VisualStudio.LaunchConfigurationService":"{\"name\":null,\"host\":\"dotnet.projectSystem\",\"hostId\":\"C94B8CFE-E3FD-4BAF-A941-2866DBB566FE\",\"serviceBaseDirectory\":\"/Users/silakazan/.vscode/extensions/ms-dotnettools.csdevkit-1.7.27-darwin-arm64/components/CPS/platforms/darwin-arm64/node_modules/@microsoft/visualstudio-projectsystem-server.darwin-arm64\",\"entryPoint\":{\"assemblyPath\":\"/Users/silakazan/.vscode/extensions/ms-dotnettools.csdevkit-1.7.27-darwin-arm64/components/CPS/platforms/darwin-arm64/node_modules/@microsoft/visualstudio-projectsystem-server.darwin-arm64/Microsoft.VisualStudio.ProjectSystem.Server.Implementation.dll\",\"fullClassName\":\"Microsoft.VisualStudio.ProjectSystem.Server.LaunchConfigurationServiceFactory\",\"scriptPath\":null,\"constructorFunction\":null,\"configPath\":null,\"appBasePath\":null,\"assemblySearchPathsConfig\":null},\"hostGroupAllowed\":null,\"hostGroupId\":null,\"serviceOverride\":null,\"singleDomainLoaderOptimization\":null,\"versionRange\":null,\"friendServices\":null}","__servicehub__ServiceHubRemoteServiceBrokerPipeName":"/Users/silakazan/.ServiceHub/e06ea26b96/3c8a82b00a"},"ClientCredentials":{},"ClientCulture":"tr","ClientUICulture":"tr"}]}
11/18/2024 21:22:33 GMT+03:00 : Information : LocationService read: Content-Length: 86

{"jsonrpc":"2.0","id":3,"result":"/Users/silakazan/.ServiceHub/e06ea26b96/f696b5abff"}
11/18/2024 21:22:33 GMT+03:00 : Information : Located service \'Microsoft.VisualStudio.LaunchConfigurationService\' at '/Users/silakazan/.ServiceHub/e06ea26b96/f696b5abff @ dotnet.projectSystem$C94B8CFE-E3FD-4BAF-A941-2866DBB566FE' requested by VsHubClient (pid:4856)
11/18/2024 21:22:33 GMT+03:00 : Information : Microsoft.ServiceHub.Controller.HubController write: Content-Length: 166

{"jsonrpc":"2.0","id":5,"result":{"RequestId":"84eec0d7-07cf-4387-96c2-d10ff5b281d3","PipeName":"/Users/silakazan/.ServiceHub/e06ea26b96/f696b5abff","IsEmpty":false}}
11/18/2024 21:22:33 GMT+03:00 : Information : LocationService read: Content-Length: 119

{"jsonrpc":"2.0","method":"hostServicesStarted","params":["dotnet.projectSystem$C94B8CFE-E3FD-4BAF-A941-2866DBB566FE"]}
11/18/2024 21:22:34 GMT+03:00 : Information : Microsoft.ServiceHub.Controller.HubController read: Content-Length: 1428

{"jsonrpc":"2.0","id":6,"method":"requestServiceChannel","params":[{"Name":"Microsoft.VisualStudio.ProjectSystem.CompositionService","Version":"0.1"},{"ActivationArguments":{"__servicehub__ServiceModuleInfo_Microsoft.VisualStudio.ProjectSystem.CompositionService":"{\"name\":null,\"host\":\"dotnet.projectSystem\",\"hostId\":\"C94B8CFE-E3FD-4BAF-A941-2866DBB566FE\",\"serviceBaseDirectory\":\"/Users/silakazan/.vscode/extensions/ms-dotnettools.csdevkit-1.7.27-darwin-arm64/components/CPS/platforms/darwin-arm64/node_modules/@microsoft/visualstudio-projectsystem-server.darwin-arm64\",\"entryPoint\":{\"assemblyPath\":\"/Users/silakazan/.vscode/extensions/ms-dotnettools.csdevkit-1.7.27-darwin-arm64/components/CPS/platforms/darwin-arm64/node_modules/@microsoft/visualstudio-projectsystem-server.darwin-arm64/Microsoft.VisualStudio.ProjectSystem.Server.Implementation.dll\",\"fullClassName\":\"Microsoft.VisualStudio.ProjectSystem.Server.CompositionServiceFactory\",\"scriptPath\":null,\"constructorFunction\":null,\"configPath\":null,\"appBasePath\":null,\"assemblySearchPathsConfig\":null},\"hostGroupAllowed\":null,\"hostGroupId\":null,\"serviceOverride\":null,\"singleDomainLoaderOptimization\":null,\"versionRange\":null,\"friendServices\":null}","__servicehub__ServiceHubRemoteServiceBrokerPipeName":"/Users/silakazan/.ServiceHub/e06ea26b96/70ff066731"},"ClientCredentials":{},"ClientCulture":"tr","ClientUICulture":"tr"}]}
11/18/2024 21:22:34 GMT+03:00 : Information : Locating service 'Microsoft.VisualStudio.ProjectSystem.CompositionService' requested by VsHubClient (pid:4856)
11/18/2024 21:22:34 GMT+03:00 : Information : Service 'Microsoft.VisualStudio.ProjectSystem.CompositionService' has not been loaded before. Loading now.
11/18/2024 21:22:34 GMT+03:00 : Information : LocationService write: Content-Length: 2113

{"jsonrpc":"2.0","id":4,"method":"startService","params":[{"name":"Microsoft.VisualStudio.ProjectSystem.CompositionService","host":"dotnet.projectSystem","hostId":"C94B8CFE-E3FD-4BAF-A941-2866DBB566FE","serviceBaseDirectory":"/Users/silakazan/.vscode/extensions/ms-dotnettools.csdevkit-1.7.27-darwin-arm64/components/CPS/platforms/darwin-arm64/node_modules/@microsoft/visualstudio-projectsystem-server.darwin-arm64","entryPoint":{"assemblyPath":"/Users/silakazan/.vscode/extensions/ms-dotnettools.csdevkit-1.7.27-darwin-arm64/components/CPS/platforms/darwin-arm64/node_modules/@microsoft/visualstudio-projectsystem-server.darwin-arm64/Microsoft.VisualStudio.ProjectSystem.Server.Implementation.dll","fullClassName":"Microsoft.VisualStudio.ProjectSystem.Server.CompositionServiceFactory"}},{"ActivationArguments":{"__servicehub__ServiceModuleInfo_Microsoft.VisualStudio.ProjectSystem.CompositionService":"{\"name\":null,\"host\":\"dotnet.projectSystem\",\"hostId\":\"C94B8CFE-E3FD-4BAF-A941-2866DBB566FE\",\"serviceBaseDirectory\":\"/Users/silakazan/.vscode/extensions/ms-dotnettools.csdevkit-1.7.27-darwin-arm64/components/CPS/platforms/darwin-arm64/node_modules/@microsoft/visualstudio-projectsystem-server.darwin-arm64\",\"entryPoint\":{\"assemblyPath\":\"/Users/silakazan/.vscode/extensions/ms-dotnettools.csdevkit-1.7.27-darwin-arm64/components/CPS/platforms/darwin-arm64/node_modules/@microsoft/visualstudio-projectsystem-server.darwin-arm64/Microsoft.VisualStudio.ProjectSystem.Server.Implementation.dll\",\"fullClassName\":\"Microsoft.VisualStudio.ProjectSystem.Server.CompositionServiceFactory\",\"scriptPath\":null,\"constructorFunction\":null,\"configPath\":null,\"appBasePath\":null,\"assemblySearchPathsConfig\":null},\"hostGroupAllowed\":null,\"hostGroupId\":null,\"serviceOverride\":null,\"singleDomainLoaderOptimization\":null,\"versionRange\":null,\"friendServices\":null}","__servicehub__ServiceHubRemoteServiceBrokerPipeName":"/Users/silakazan/.ServiceHub/e06ea26b96/70ff066731","__servicehub__RequestedServiceVersion":"0.1"},"ClientCredentials":{},"ClientCulture":"tr","ClientUICulture":"tr"}]}
11/18/2024 21:22:34 GMT+03:00 : Information : LocationService read: Content-Length: 86

{"jsonrpc":"2.0","id":4,"result":"/Users/silakazan/.ServiceHub/e06ea26b96/668b333c19"}
11/18/2024 21:22:34 GMT+03:00 : Information : Located service \'Microsoft.VisualStudio.ProjectSystem.CompositionService\' at '/Users/silakazan/.ServiceHub/e06ea26b96/668b333c19 @ dotnet.projectSystem$C94B8CFE-E3FD-4BAF-A941-2866DBB566FE' requested by VsHubClient (pid:4856)
11/18/2024 21:22:34 GMT+03:00 : Information : Microsoft.ServiceHub.Controller.HubController write: Content-Length: 166

{"jsonrpc":"2.0","id":6,"result":{"RequestId":"d78f3025-2ae9-4d48-9703-ba9aa224e161","PipeName":"/Users/silakazan/.ServiceHub/e06ea26b96/668b333c19","IsEmpty":false}}
11/18/2024 21:22:34 GMT+03:00 : Information : Microsoft.ServiceHub.Controller.HubController read: Content-Length: 1436

{"jsonrpc":"2.0","id":7,"method":"requestServiceChannel","params":[{"Name":"Microsoft.VisualStudio.Debugger.HotReloadSessionNotificationService","Version":"0.1"},{"ActivationArguments":{"__servicehub__ServiceModuleInfo_Microsoft.VisualStudio.Debugger.HotReloadSessionNotificationService":"{\"name\":null,\"host\":\"dotnet\",\"hostId\":\"C94B8CFE-E3FD-4BAF-A941-2866DBB566FE\",\"serviceBaseDirectory\":\"/Users/silakazan/.vscode/extensions/ms-dotnettools.csdevkit-1.7.27-darwin-arm64/components/VSDebugCore/platforms/darwin-arm64/node_modules/@microsoft/visualstudio-debugger-devkit.darwin-arm64\",\"entryPoint\":{\"assemblyPath\":\"/Users/silakazan/.vscode/extensions/ms-dotnettools.csdevkit-1.7.27-darwin-arm64/components/VSDebugCore/platforms/darwin-arm64/node_modules/@microsoft/visualstudio-debugger-devkit.darwin-arm64/Microsoft.VisualStudio.Debugger.DevKit.dll\",\"fullClassName\":\"Microsoft.VisualStudio.Debugger.HotReloadSessionNotificationService+Factory\",\"scriptPath\":null,\"constructorFunction\":null,\"configPath\":null,\"appBasePath\":null,\"assemblySearchPathsConfig\":null},\"hostGroupAllowed\":null,\"hostGroupId\":null,\"serviceOverride\":null,\"singleDomainLoaderOptimization\":null,\"versionRange\":null,\"friendServices\":null}","__servicehub__ServiceHubRemoteServiceBrokerPipeName":"/Users/silakazan/.ServiceHub/e06ea26b96/b2a47e5a95"},"ClientCredentials":{},"ClientCulture":"tr-TR","ClientUICulture":"en-US"}]}
11/18/2024 21:22:34 GMT+03:00 : Information : Locating service 'Microsoft.VisualStudio.Debugger.HotReloadSessionNotificationService' requested by VsHubClient (pid:4856)
11/18/2024 21:22:34 GMT+03:00 : Information : Service 'Microsoft.VisualStudio.Debugger.HotReloadSessionNotificationService' has not been loaded before. Loading now.
11/18/2024 21:22:34 GMT+03:00 : Information : LocationService write: Content-Length: 2099

{"jsonrpc":"2.0","id":5,"method":"startService","params":[{"name":"Microsoft.VisualStudio.Debugger.HotReloadSessionNotificationService","host":"dotnet","hostId":"C94B8CFE-E3FD-4BAF-A941-2866DBB566FE","serviceBaseDirectory":"/Users/silakazan/.vscode/extensions/ms-dotnettools.csdevkit-1.7.27-darwin-arm64/components/VSDebugCore/platforms/darwin-arm64/node_modules/@microsoft/visualstudio-debugger-devkit.darwin-arm64","entryPoint":{"assemblyPath":"/Users/silakazan/.vscode/extensions/ms-dotnettools.csdevkit-1.7.27-darwin-arm64/components/VSDebugCore/platforms/darwin-arm64/node_modules/@microsoft/visualstudio-debugger-devkit.darwin-arm64/Microsoft.VisualStudio.Debugger.DevKit.dll","fullClassName":"Microsoft.VisualStudio.Debugger.HotReloadSessionNotificationService+Factory"}},{"ActivationArguments":{"__servicehub__ServiceModuleInfo_Microsoft.VisualStudio.Debugger.HotReloadSessionNotificationService":"{\"name\":null,\"host\":\"dotnet\",\"hostId\":\"C94B8CFE-E3FD-4BAF-A941-2866DBB566FE\",\"serviceBaseDirectory\":\"/Users/silakazan/.vscode/extensions/ms-dotnettools.csdevkit-1.7.27-darwin-arm64/components/VSDebugCore/platforms/darwin-arm64/node_modules/@microsoft/visualstudio-debugger-devkit.darwin-arm64\",\"entryPoint\":{\"assemblyPath\":\"/Users/silakazan/.vscode/extensions/ms-dotnettools.csdevkit-1.7.27-darwin-arm64/components/VSDebugCore/platforms/darwin-arm64/node_modules/@microsoft/visualstudio-debugger-devkit.darwin-arm64/Microsoft.VisualStudio.Debugger.DevKit.dll\",\"fullClassName\":\"Microsoft.VisualStudio.Debugger.HotReloadSessionNotificationService+Factory\",\"scriptPath\":null,\"constructorFunction\":null,\"configPath\":null,\"appBasePath\":null,\"assemblySearchPathsConfig\":null},\"hostGroupAllowed\":null,\"hostGroupId\":null,\"serviceOverride\":null,\"singleDomainLoaderOptimization\":null,\"versionRange\":null,\"friendServices\":null}","__servicehub__ServiceHubRemoteServiceBrokerPipeName":"/Users/silakazan/.ServiceHub/e06ea26b96/b2a47e5a95","__servicehub__RequestedServiceVersion":"0.1"},"ClientCredentials":{},"ClientCulture":"tr-TR","ClientUICulture":"en-US"}]}
11/18/2024 21:22:34 GMT+03:00 : Information : LocationService read: Content-Length: 86

{"jsonrpc":"2.0","id":5,"result":"/Users/silakazan/.ServiceHub/e06ea26b96/6352c9148e"}
11/18/2024 21:22:34 GMT+03:00 : Information : Located service \'Microsoft.VisualStudio.Debugger.HotReloadSessionNotificationService\' at '/Users/silakazan/.ServiceHub/e06ea26b96/6352c9148e @ dotnet$C94B8CFE-E3FD-4BAF-A941-2866DBB566FE' requested by VsHubClient (pid:4856)
11/18/2024 21:22:34 GMT+03:00 : Information : Microsoft.ServiceHub.Controller.HubController write: Content-Length: 166

{"jsonrpc":"2.0","id":7,"result":{"RequestId":"772957a6-437a-46ad-aa60-0dfe8f24075e","PipeName":"/Users/silakazan/.ServiceHub/e06ea26b96/6352c9148e","IsEmpty":false}}
11/18/2024 21:25:42 GMT+03:00 : Information : Microsoft.ServiceHub.Controller.HubController read: end of stream
11/18/2024 21:25:42 GMT+03:00 : Information : LocationService read: Content-Length: 117

{"jsonrpc":"2.0","method":"hostServicesEnded","params":["dotnet.projectSystem$C94B8CFE-E3FD-4BAF-A941-2866DBB566FE"]}
11/18/2024 21:25:42 GMT+03:00 : Information : JsonRpc disconnected due to RemotePartyTerminated. Reached end of stream.
11/18/2024 21:25:42 GMT+03:00 : Information : External client disconnected from client watch.
11/18/2024 21:25:42 GMT+03:00 : Information : Starting fast shutdown
11/18/2024 21:25:42 GMT+03:00 : Information : Stopping the location service server.
11/18/2024 21:25:42 GMT+03:00 : Information : Exiting hub controller.
11/18/2024 21:25:42 GMT+03:00 : Information : Releasing single controller instance mutex.
11/18/2024 21:25:42 GMT+03:00 : Information : Stopping host 'dotnet$C94B8CFE-E3FD-4BAF-A941-2866DBB566FE' PID: 4876 due to ForcedControllerShutdown
11/18/2024 21:25:42 GMT+03:00 : Information : Stopping host 'dotnet.projectSystem$C94B8CFE-E3FD-4BAF-A941-2866DBB566FE' PID: 4879 due to ForcedControllerShutdown
11/18/2024 21:25:42 GMT+03:00 : Information : Waiting for all hosts to shutdown. Running hosts: dotnet$C94B8CFE-E3FD-4BAF-A941-2866DBB566FE, dotnet.projectSystem$C94B8CFE-E3FD-4BAF-A941-2866DBB566FE
11/18/2024 21:25:42 GMT+03:00 : Information : LocationService read: Content-Length: 103

{"jsonrpc":"2.0","method":"hostServicesEnded","params":["dotnet$C94B8CFE-E3FD-4BAF-A941-2866DBB566FE"]}
11/18/2024 21:25:42 GMT+03:00 : Information : LocationService write: Content-Length: 46

{"jsonrpc":"2.0","method":"exit","params":[3]}
11/18/2024 21:25:42 GMT+03:00 : Information : LocationService write: Content-Length: 46

{"jsonrpc":"2.0","method":"exit","params":[3]}
11/18/2024 21:25:42 GMT+03:00 : Information : Host 'dotnet$C94B8CFE-E3FD-4BAF-A941-2866DBB566FE' has been removed from the hosts cache.
11/18/2024 21:25:42 GMT+03:00 : Information : Host 'dotnet.projectSystem$C94B8CFE-E3FD-4BAF-A941-2866DBB566FE' has been removed from the hosts cache.
11/18/2024 21:25:42 GMT+03:00 : Information : Waiting for host 'dotnet.projectSystem$C94B8CFE-E3FD-4BAF-A941-2866DBB566FE' with pid '4879' to exit...
11/18/2024 21:25:42 GMT+03:00 : Information : Waiting for host 'dotnet$C94B8CFE-E3FD-4BAF-A941-2866DBB566FE' with pid '4876' to exit...
11/18/2024 21:25:42 GMT+03:00 : Information : LocationService read: end of stream
11/18/2024 21:25:42 GMT+03:00 : Information : LocationService read: end of stream
11/18/2024 21:25:42 GMT+03:00 : Information : code: 'Hub host 'C94B8CFE-E3FD-4BAF-A941-2866DBB566FE', PID: 4879 exited.' 0.
11/18/2024 21:25:42 GMT+03:00 : Information : code: 'Hub host 'C94B8CFE-E3FD-4BAF-A941-2866DBB566FE', PID: 4876 exited.' 0.
11/18/2024 21:25:42 GMT+03:00 : Information : All hosts have exited.
11/18/2024 21:25:42 GMT+03:00 : Information : Controller terminating with exit code '0'.
