11/18/2024 21:22:33 GMT+03:00 : Information : Local timezone is (UTC+03:00) Türkiye Saati
11/18/2024 21:22:33 GMT+03:00 : Information : Service Hub .NET service module host started. Host id: dotnet$C94B8CFE-E3FD-4BAF-A941-2866DBB566FE. Controller pipe: net.pipe://48638581DC. PID: 4876
11/18/2024 21:22:33 GMT+03:00 : Information : hubHostClr read: Content-Length: 111

{"jsonrpc":"2.0","id":2,"method":"initializeHost","params":[{"HostsRootDirectory":".","AppConfigFallback":""}]}
11/18/2024 21:22:33 GMT+03:00 : Information : hubHostClr write: Content-Length: 79

{"jsonrpc":"2.0","id":2,"result":"dotnet$C94B8CFE-E3FD-4BAF-A941-2866DBB566FE"}
11/18/2024 21:22:33 GMT+03:00 : Information : hubHostClr read: Content-Length: 2131

{"jsonrpc":"2.0","id":4,"method":"startService","params":[{"name":"Microsoft.VisualStudio.TestWindow.VSCode.Service","host":"dotnet","hostId":"C94B8CFE-E3FD-4BAF-A941-2866DBB566FE","serviceBaseDirectory":"/Users/silakazan/.vscode/extensions/ms-dotnettools.csdevkit-1.7.27-darwin-arm64/components/VSUnitTesting/platforms/darwin-arm64/node_modules/@microsoft/visualstudio-testwindow-vscode-service.darwin-arm64","entryPoint":{"assemblyPath":"/Users/silakazan/.vscode/extensions/ms-dotnettools.csdevkit-1.7.27-darwin-arm64/components/VSUnitTesting/platforms/darwin-arm64/node_modules/@microsoft/visualstudio-testwindow-vscode-service.darwin-arm64/Microsoft.VisualStudio.TestWindow.VSCode.Service.dll","fullClassName":"Microsoft.VisualStudio.TestWindow.VSCode.Service.TestWindowVSCodeServiceFactory"}},{"ActivationArguments":{"__servicehub__ServiceModuleInfo_Microsoft.VisualStudio.TestWindow.VSCode.Service":"{\"name\":null,\"host\":\"dotnet\",\"hostId\":\"C94B8CFE-E3FD-4BAF-A941-2866DBB566FE\",\"serviceBaseDirectory\":\"/Users/silakazan/.vscode/extensions/ms-dotnettools.csdevkit-1.7.27-darwin-arm64/components/VSUnitTesting/platforms/darwin-arm64/node_modules/@microsoft/visualstudio-testwindow-vscode-service.darwin-arm64\",\"entryPoint\":{\"assemblyPath\":\"/Users/silakazan/.vscode/extensions/ms-dotnettools.csdevkit-1.7.27-darwin-arm64/components/VSUnitTesting/platforms/darwin-arm64/node_modules/@microsoft/visualstudio-testwindow-vscode-service.darwin-arm64/Microsoft.VisualStudio.TestWindow.VSCode.Service.dll\",\"fullClassName\":\"Microsoft.VisualStudio.TestWindow.VSCode.Service.TestWindowVSCodeServiceFactory\",\"scriptPath\":null,\"constructorFunction\":null,\"configPath\":null,\"appBasePath\":null,\"assemblySearchPathsConfig\":null},\"hostGroupAllowed\":null,\"hostGroupId\":null,\"serviceOverride\":null,\"singleDomainLoaderOptimization\":null,\"versionRange\":null,\"friendServices\":null}","__servicehub__ServiceHubRemoteServiceBrokerPipeName":"/Users/silakazan/.ServiceHub/e06ea26b96/cf3b32b28c","__servicehub__RequestedServiceVersion":"0.1"},"ClientCredentials":{},"ClientCulture":"tr","ClientUICulture":"tr"}]}
11/18/2024 21:22:33 GMT+03:00 : Information : hubHostClr read: Content-Length: 1893

{"jsonrpc":"2.0","id":3,"method":"startService","params":[{"name":"Microsoft.TemplateEngine.VSCode.TemplateService","host":"dotnet","hostId":"C94B8CFE-E3FD-4BAF-A941-2866DBB566FE","serviceBaseDirectory":"/Users/silakazan/.vscode/extensions/ms-dotnettools.csdevkit-1.7.27-darwin-arm64/components/dotnet-project-system-vscode/node_modules/@microsoft/vscode.templateengine","entryPoint":{"assemblyPath":"/Users/silakazan/.vscode/extensions/ms-dotnettools.csdevkit-1.7.27-darwin-arm64/components/dotnet-project-system-vscode/node_modules/@microsoft/vscode.templateengine/Microsoft.TemplateEngine.VSCode.dll","fullClassName":"Microsoft.TemplateEngine.VSCode.TemplateServiceFactory"}},{"ActivationArguments":{"__servicehub__ServiceModuleInfo_Microsoft.TemplateEngine.VSCode.TemplateService":"{\"name\":null,\"host\":\"dotnet\",\"hostId\":\"C94B8CFE-E3FD-4BAF-A941-2866DBB566FE\",\"serviceBaseDirectory\":\"/Users/silakazan/.vscode/extensions/ms-dotnettools.csdevkit-1.7.27-darwin-arm64/components/dotnet-project-system-vscode/node_modules/@microsoft/vscode.templateengine\",\"entryPoint\":{\"assemblyPath\":\"/Users/silakazan/.vscode/extensions/ms-dotnettools.csdevkit-1.7.27-darwin-arm64/components/dotnet-project-system-vscode/node_modules/@microsoft/vscode.templateengine/Microsoft.TemplateEngine.VSCode.dll\",\"fullClassName\":\"Microsoft.TemplateEngine.VSCode.TemplateServiceFactory\",\"scriptPath\":null,\"constructorFunction\":null,\"configPath\":null,\"appBasePath\":null,\"assemblySearchPathsConfig\":null},\"hostGroupAllowed\":null,\"hostGroupId\":null,\"serviceOverride\":null,\"singleDomainLoaderOptimization\":null,\"versionRange\":null,\"friendServices\":null}","__servicehub__ServiceHubRemoteServiceBrokerPipeName":"/Users/silakazan/.ServiceHub/e06ea26b96/93b4305691","__servicehub__RequestedServiceVersion":"0.1"},"ClientCredentials":{},"ClientCulture":"tr","ClientUICulture":"tr"}]}
11/18/2024 21:22:33 GMT+03:00 : Information : CLR host received start request for service 'Microsoft.VisualStudio.TestWindow.VSCode.Service'
11/18/2024 21:22:33 GMT+03:00 : Information : Loading service module assembly '/Users/silakazan/.vscode/extensions/ms-dotnettools.csdevkit-1.7.27-darwin-arm64/components/VSUnitTesting/platforms/darwin-arm64/node_modules/@microsoft/visualstudio-testwindow-vscode-service.darwin-arm64/Microsoft.VisualStudio.TestWindow.VSCode.Service.dll' from '/Users/silakazan/.vscode/extensions/ms-dotnettools.csdevkit-1.7.27-darwin-arm64/components/VSUnitTesting/platforms/darwin-arm64/node_modules/@microsoft/visualstudio-testwindow-vscode-service.darwin-arm64'
11/18/2024 21:22:33 GMT+03:00 : Information : Starting service module 'Microsoft.VisualStudio.TestWindow.VSCode.Service'. Class: Microsoft.VisualStudio.TestWindow.VSCode.Service.TestWindowVSCodeServiceFactory, Supported Version: 
11/18/2024 21:22:33 GMT+03:00 : Information : Started service 'Microsoft.VisualStudio.TestWindow.VSCode.Service'. Pipe name: /Users/silakazan/.ServiceHub/e06ea26b96/2abc8f099d, Supported Version: 
11/18/2024 21:22:33 GMT+03:00 : Information : hubHostClr write: Content-Length: 86

{"jsonrpc":"2.0","id":4,"result":"/Users/silakazan/.ServiceHub/e06ea26b96/2abc8f099d"}
11/18/2024 21:22:33 GMT+03:00 : Information : CLR host received start request for service 'Microsoft.TemplateEngine.VSCode.TemplateService'
11/18/2024 21:22:33 GMT+03:00 : Information : Loading service module assembly '/Users/silakazan/.vscode/extensions/ms-dotnettools.csdevkit-1.7.27-darwin-arm64/components/dotnet-project-system-vscode/node_modules/@microsoft/vscode.templateengine/Microsoft.TemplateEngine.VSCode.dll' from '/Users/silakazan/.vscode/extensions/ms-dotnettools.csdevkit-1.7.27-darwin-arm64/components/dotnet-project-system-vscode/node_modules/@microsoft/vscode.templateengine'
11/18/2024 21:22:33 GMT+03:00 : Information : Starting service module 'Microsoft.TemplateEngine.VSCode.TemplateService'. Class: Microsoft.TemplateEngine.VSCode.TemplateServiceFactory, Supported Version: 
11/18/2024 21:22:33 GMT+03:00 : Information : Started service 'Microsoft.TemplateEngine.VSCode.TemplateService'. Pipe name: /Users/silakazan/.ServiceHub/e06ea26b96/007c8a0d76, Supported Version: 
11/18/2024 21:22:33 GMT+03:00 : Information : hubHostClr write: Content-Length: 86

{"jsonrpc":"2.0","id":3,"result":"/Users/silakazan/.ServiceHub/e06ea26b96/007c8a0d76"}
11/18/2024 21:22:33 GMT+03:00 : Information : A new client connected to CLR service module 'Microsoft.TemplateEngine.VSCode.TemplateService'
11/18/2024 21:22:33 GMT+03:00 : Information : A new client connected to CLR service module 'Microsoft.VisualStudio.TestWindow.VSCode.Service'
11/18/2024 21:22:33 GMT+03:00 : Information : Found FactoryVersion=Version2 for service : Microsoft.TemplateEngine.VSCode.TemplateService.
11/18/2024 21:22:33 GMT+03:00 : Information : Service 'Microsoft.TemplateEngine.VSCode.TemplateServiceFactory' implements IServiceHubServiceFactory. Creating factory instance and caching it.
11/18/2024 21:22:33 GMT+03:00 : Information : Found FactoryVersion=Version2 for service : Microsoft.VisualStudio.TestWindow.VSCode.Service.
11/18/2024 21:22:33 GMT+03:00 : Information : Service 'Microsoft.VisualStudio.TestWindow.VSCode.Service.TestWindowVSCodeServiceFactory' implements IServiceHubServiceFactory. Creating factory instance and caching it.
11/18/2024 21:22:33 GMT+03:00 : Information : hubHostClr write: Content-Length: 105

{"jsonrpc":"2.0","method":"hostServicesStarted","params":["dotnet$C94B8CFE-E3FD-4BAF-A941-2866DBB566FE"]}
11/18/2024 21:22:33 GMT+03:00 : Information : Creating service Microsoft.TemplateEngine.VSCode.TemplateServiceFactory from factory with FactoryVersion=Version2 and ClientRequestedVersion=0.1.
11/18/2024 21:22:33 GMT+03:00 : Information : Creating service Microsoft.VisualStudio.TestWindow.VSCode.Service.TestWindowVSCodeServiceFactory from factory with FactoryVersion=Version2 and ClientRequestedVersion=0.1.
11/18/2024 21:22:33 GMT+03:00 : Information : Setting up RPC connection for service 'Microsoft.TemplateEngine.VSCode.TemplateServiceFactory' from factory
11/18/2024 21:22:33 GMT+03:00 : Information : Setting up RPC connection for service 'Microsoft.VisualStudio.TestWindow.VSCode.Service.TestWindowVSCodeServiceFactory' from factory
11/18/2024 21:22:34 GMT+03:00 : Information : Completed RPC connection setup for service 'Microsoft.TemplateEngine.VSCode.TemplateServiceFactory' from factory
11/18/2024 21:22:34 GMT+03:00 : Information : Completed RPC connection setup for service 'Microsoft.VisualStudio.TestWindow.VSCode.Service.TestWindowVSCodeServiceFactory' from factory
11/18/2024 21:22:34 GMT+03:00 : Information : hubHostClr read: Content-Length: 2099

{"jsonrpc":"2.0","id":5,"method":"startService","params":[{"name":"Microsoft.VisualStudio.Debugger.HotReloadSessionNotificationService","host":"dotnet","hostId":"C94B8CFE-E3FD-4BAF-A941-2866DBB566FE","serviceBaseDirectory":"/Users/silakazan/.vscode/extensions/ms-dotnettools.csdevkit-1.7.27-darwin-arm64/components/VSDebugCore/platforms/darwin-arm64/node_modules/@microsoft/visualstudio-debugger-devkit.darwin-arm64","entryPoint":{"assemblyPath":"/Users/silakazan/.vscode/extensions/ms-dotnettools.csdevkit-1.7.27-darwin-arm64/components/VSDebugCore/platforms/darwin-arm64/node_modules/@microsoft/visualstudio-debugger-devkit.darwin-arm64/Microsoft.VisualStudio.Debugger.DevKit.dll","fullClassName":"Microsoft.VisualStudio.Debugger.HotReloadSessionNotificationService+Factory"}},{"ActivationArguments":{"__servicehub__ServiceModuleInfo_Microsoft.VisualStudio.Debugger.HotReloadSessionNotificationService":"{\"name\":null,\"host\":\"dotnet\",\"hostId\":\"C94B8CFE-E3FD-4BAF-A941-2866DBB566FE\",\"serviceBaseDirectory\":\"/Users/silakazan/.vscode/extensions/ms-dotnettools.csdevkit-1.7.27-darwin-arm64/components/VSDebugCore/platforms/darwin-arm64/node_modules/@microsoft/visualstudio-debugger-devkit.darwin-arm64\",\"entryPoint\":{\"assemblyPath\":\"/Users/silakazan/.vscode/extensions/ms-dotnettools.csdevkit-1.7.27-darwin-arm64/components/VSDebugCore/platforms/darwin-arm64/node_modules/@microsoft/visualstudio-debugger-devkit.darwin-arm64/Microsoft.VisualStudio.Debugger.DevKit.dll\",\"fullClassName\":\"Microsoft.VisualStudio.Debugger.HotReloadSessionNotificationService+Factory\",\"scriptPath\":null,\"constructorFunction\":null,\"configPath\":null,\"appBasePath\":null,\"assemblySearchPathsConfig\":null},\"hostGroupAllowed\":null,\"hostGroupId\":null,\"serviceOverride\":null,\"singleDomainLoaderOptimization\":null,\"versionRange\":null,\"friendServices\":null}","__servicehub__ServiceHubRemoteServiceBrokerPipeName":"/Users/silakazan/.ServiceHub/e06ea26b96/b2a47e5a95","__servicehub__RequestedServiceVersion":"0.1"},"ClientCredentials":{},"ClientCulture":"tr-TR","ClientUICulture":"en-US"}]}
11/18/2024 21:22:34 GMT+03:00 : Information : CLR host received start request for service 'Microsoft.VisualStudio.Debugger.HotReloadSessionNotificationService'
11/18/2024 21:22:34 GMT+03:00 : Information : Loading service module assembly '/Users/silakazan/.vscode/extensions/ms-dotnettools.csdevkit-1.7.27-darwin-arm64/components/VSDebugCore/platforms/darwin-arm64/node_modules/@microsoft/visualstudio-debugger-devkit.darwin-arm64/Microsoft.VisualStudio.Debugger.DevKit.dll' from '/Users/silakazan/.vscode/extensions/ms-dotnettools.csdevkit-1.7.27-darwin-arm64/components/VSDebugCore/platforms/darwin-arm64/node_modules/@microsoft/visualstudio-debugger-devkit.darwin-arm64'
11/18/2024 21:22:34 GMT+03:00 : Information : Starting service module 'Microsoft.VisualStudio.Debugger.HotReloadSessionNotificationService'. Class: Microsoft.VisualStudio.Debugger.HotReloadSessionNotificationService+Factory, Supported Version: 
11/18/2024 21:22:34 GMT+03:00 : Information : Started service 'Microsoft.VisualStudio.Debugger.HotReloadSessionNotificationService'. Pipe name: /Users/silakazan/.ServiceHub/e06ea26b96/6352c9148e, Supported Version: 
11/18/2024 21:22:34 GMT+03:00 : Information : hubHostClr write: Content-Length: 86

{"jsonrpc":"2.0","id":5,"result":"/Users/silakazan/.ServiceHub/e06ea26b96/6352c9148e"}
11/18/2024 21:22:34 GMT+03:00 : Information : A new client connected to CLR service module 'Microsoft.VisualStudio.Debugger.HotReloadSessionNotificationService'
11/18/2024 21:22:34 GMT+03:00 : Information : Found FactoryVersion=Version2 for service : Microsoft.VisualStudio.Debugger.HotReloadSessionNotificationService.
11/18/2024 21:22:34 GMT+03:00 : Information : Service 'Microsoft.VisualStudio.Debugger.HotReloadSessionNotificationService+Factory' implements IServiceHubServiceFactory. Creating factory instance and caching it.
11/18/2024 21:22:34 GMT+03:00 : Information : Creating service Microsoft.VisualStudio.Debugger.HotReloadSessionNotificationService+Factory from factory with FactoryVersion=Version2 and ClientRequestedVersion=0.1.
11/18/2024 21:22:34 GMT+03:00 : Information : Setting up RPC connection for service 'Microsoft.VisualStudio.Debugger.HotReloadSessionNotificationService+Factory' from factory
11/18/2024 21:22:34 GMT+03:00 : Information : Completed RPC connection setup for service 'Microsoft.VisualStudio.Debugger.HotReloadSessionNotificationService+Factory' from factory
11/18/2024 21:25:42 GMT+03:00 : Information : hubHostClr write: Content-Length: 103

{"jsonrpc":"2.0","method":"hostServicesEnded","params":["dotnet$C94B8CFE-E3FD-4BAF-A941-2866DBB566FE"]}
11/18/2024 21:25:42 GMT+03:00 : Information : hubHostClr read: Content-Length: 46

{"jsonrpc":"2.0","method":"exit","params":[3]}
11/18/2024 21:25:42 GMT+03:00 : Information : Exit command received with reason 'ForcedControllerShutdown'. Exiting CLR host
11/18/2024 21:25:42 GMT+03:00 : Information : Checking if 'Microsoft.VisualStudio.Debugger.HotReloadSessionNotificationService+Factory' implements Microsoft.VisualStudio.Threading.IAsyncDisposable.
11/18/2024 21:25:42 GMT+03:00 : Information : Checking if 'Microsoft.TemplateEngine.VSCode.TemplateServiceFactory' implements Microsoft.VisualStudio.Threading.IAsyncDisposable.
11/18/2024 21:25:42 GMT+03:00 : Information : Checking if 'Microsoft.VisualStudio.TestWindow.VSCode.Service.TestWindowVSCodeServiceFactory' implements Microsoft.VisualStudio.Threading.IAsyncDisposable.
11/18/2024 21:25:42 GMT+03:00 : Information : Checking if 'Microsoft.TemplateEngine.VSCode.TemplateServiceFactory' implements System.IAsyncDisposable.
11/18/2024 21:25:42 GMT+03:00 : Information : Checking if 'Microsoft.VisualStudio.TestWindow.VSCode.Service.TestWindowVSCodeServiceFactory' implements System.IAsyncDisposable.
11/18/2024 21:25:42 GMT+03:00 : Information : Checking if 'Microsoft.VisualStudio.Debugger.HotReloadSessionNotificationService+Factory' implements System.IAsyncDisposable.
11/18/2024 21:25:42 GMT+03:00 : Information : Checking if 'Microsoft.TemplateEngine.VSCode.TemplateServiceFactory' implements System.IDisposable.
11/18/2024 21:25:42 GMT+03:00 : Information : Checking if 'Microsoft.VisualStudio.TestWindow.VSCode.Service.TestWindowVSCodeServiceFactory' implements System.IDisposable.
11/18/2024 21:25:42 GMT+03:00 : Information : Checking if 'Microsoft.VisualStudio.Debugger.HotReloadSessionNotificationService+Factory' implements System.IDisposable.
11/18/2024 21:25:42 GMT+03:00 : Information : hubHostClr JSON RPC has been disposed
11/18/2024 21:25:42 GMT+03:00 : Information : hubHostClr read: end of stream
