11/18/2024 21:36:53 GMT+03:00 : Information : Local timezone is (UTC+03:00) Türkiye Saati
11/18/2024 21:36:53 GMT+03:00 : Information : Service Hub .NET service module host started. Host id: dotnet.projectSystem$C94B8CFE-E3FD-4BAF-A941-2866DBB566FE. Controller pipe: net.pipe://541956BE99. PID: 5434
11/18/2024 21:36:53 GMT+03:00 : Information : hubHostClr read: Content-Length: 111

{"jsonrpc":"2.0","id":2,"method":"initializeHost","params":[{"HostsRootDirectory":".","AppConfigFallback":""}]}
11/18/2024 21:36:53 GMT+03:00 : Information : hubHostClr write: Content-Length: 93

{"jsonrpc":"2.0","id":2,"result":"dotnet.projectSystem$C94B8CFE-E3FD-4BAF-A941-2866DBB566FE"}
11/18/2024 21:36:53 GMT+03:00 : Information : hubHostClr read: Content-Length: 2071

{"jsonrpc":"2.0","id":3,"method":"startService","params":[{"name":"Microsoft.VisualStudio.LaunchConfigurationService","host":"dotnet.projectSystem","hostId":"C94B8CFE-E3FD-4BAF-A941-2866DBB566FE","serviceBaseDirectory":"/Users/silakazan/.vscode/extensions/ms-dotnettools.csdevkit-1.7.27-darwin-arm64/components/CPS/platforms/darwin-arm64/node_modules/@microsoft/visualstudio-projectsystem-server.darwin-arm64","entryPoint":{"assemblyPath":"/Users/silakazan/.vscode/extensions/ms-dotnettools.csdevkit-1.7.27-darwin-arm64/components/CPS/platforms/darwin-arm64/node_modules/@microsoft/visualstudio-projectsystem-server.darwin-arm64/Microsoft.VisualStudio.ProjectSystem.Server.Implementation.dll","fullClassName":"Microsoft.VisualStudio.ProjectSystem.Server.LaunchConfigurationServiceFactory"}},{"ActivationArguments":{"__servicehub__ServiceModuleInfo_Microsoft.VisualStudio.LaunchConfigurationService":"{\"name\":null,\"host\":\"dotnet.projectSystem\",\"hostId\":\"C94B8CFE-E3FD-4BAF-A941-2866DBB566FE\",\"serviceBaseDirectory\":\"/Users/silakazan/.vscode/extensions/ms-dotnettools.csdevkit-1.7.27-darwin-arm64/components/CPS/platforms/darwin-arm64/node_modules/@microsoft/visualstudio-projectsystem-server.darwin-arm64\",\"entryPoint\":{\"assemblyPath\":\"/Users/silakazan/.vscode/extensions/ms-dotnettools.csdevkit-1.7.27-darwin-arm64/components/CPS/platforms/darwin-arm64/node_modules/@microsoft/visualstudio-projectsystem-server.darwin-arm64/Microsoft.VisualStudio.ProjectSystem.Server.Implementation.dll\",\"fullClassName\":\"Microsoft.VisualStudio.ProjectSystem.Server.LaunchConfigurationServiceFactory\",\"scriptPath\":null,\"constructorFunction\":null,\"configPath\":null,\"appBasePath\":null,\"assemblySearchPathsConfig\":null},\"hostGroupAllowed\":null,\"hostGroupId\":null,\"serviceOverride\":null,\"singleDomainLoaderOptimization\":null,\"versionRange\":null,\"friendServices\":null}","__servicehub__ServiceHubRemoteServiceBrokerPipeName":"/Users/silakazan/.ServiceHub/8a3a894415/f63d1a9a57"},"ClientCredentials":{},"ClientCulture":"tr","ClientUICulture":"tr"}]}
11/18/2024 21:36:53 GMT+03:00 : Information : hubHostClr read: Content-Length: 2177

{"jsonrpc":"2.0","id":4,"method":"startService","params":[{"name":"Microsoft.VisualStudio.ProjectSystem.ProjectInitializationStatusService","host":"dotnet.projectSystem","hostId":"C94B8CFE-E3FD-4BAF-A941-2866DBB566FE","serviceBaseDirectory":"/Users/silakazan/.vscode/extensions/ms-dotnettools.csdevkit-1.7.27-darwin-arm64/components/CPS/platforms/darwin-arm64/node_modules/@microsoft/visualstudio-projectsystem-server.darwin-arm64","entryPoint":{"assemblyPath":"/Users/silakazan/.vscode/extensions/ms-dotnettools.csdevkit-1.7.27-darwin-arm64/components/CPS/platforms/darwin-arm64/node_modules/@microsoft/visualstudio-projectsystem-server.darwin-arm64/Microsoft.VisualStudio.ProjectSystem.Server.Implementation.dll","fullClassName":"Microsoft.VisualStudio.ProjectSystem.Server.ProjectInitializationStatusServiceFactory"}},{"ActivationArguments":{"__servicehub__ServiceModuleInfo_Microsoft.VisualStudio.ProjectSystem.ProjectInitializationStatusService":"{\"name\":null,\"host\":\"dotnet.projectSystem\",\"hostId\":\"C94B8CFE-E3FD-4BAF-A941-2866DBB566FE\",\"serviceBaseDirectory\":\"/Users/silakazan/.vscode/extensions/ms-dotnettools.csdevkit-1.7.27-darwin-arm64/components/CPS/platforms/darwin-arm64/node_modules/@microsoft/visualstudio-projectsystem-server.darwin-arm64\",\"entryPoint\":{\"assemblyPath\":\"/Users/silakazan/.vscode/extensions/ms-dotnettools.csdevkit-1.7.27-darwin-arm64/components/CPS/platforms/darwin-arm64/node_modules/@microsoft/visualstudio-projectsystem-server.darwin-arm64/Microsoft.VisualStudio.ProjectSystem.Server.Implementation.dll\",\"fullClassName\":\"Microsoft.VisualStudio.ProjectSystem.Server.ProjectInitializationStatusServiceFactory\",\"scriptPath\":null,\"constructorFunction\":null,\"configPath\":null,\"appBasePath\":null,\"assemblySearchPathsConfig\":null},\"hostGroupAllowed\":null,\"hostGroupId\":null,\"serviceOverride\":null,\"singleDomainLoaderOptimization\":null,\"versionRange\":null,\"friendServices\":null}","__servicehub__ServiceHubRemoteServiceBrokerPipeName":"/Users/silakazan/.ServiceHub/8a3a894415/ed12b72a1c","__servicehub__RequestedServiceVersion":"0.1"},"ClientCredentials":{},"ClientCulture":"tr","ClientUICulture":"tr"}]}
11/18/2024 21:36:53 GMT+03:00 : Information : CLR host received start request for service 'Microsoft.VisualStudio.LaunchConfigurationService'
11/18/2024 21:36:53 GMT+03:00 : Information : Loading service module assembly '/Users/silakazan/.vscode/extensions/ms-dotnettools.csdevkit-1.7.27-darwin-arm64/components/CPS/platforms/darwin-arm64/node_modules/@microsoft/visualstudio-projectsystem-server.darwin-arm64/Microsoft.VisualStudio.ProjectSystem.Server.Implementation.dll' from '/Users/silakazan/.vscode/extensions/ms-dotnettools.csdevkit-1.7.27-darwin-arm64/components/CPS/platforms/darwin-arm64/node_modules/@microsoft/visualstudio-projectsystem-server.darwin-arm64'
11/18/2024 21:36:53 GMT+03:00 : Information : Starting service module 'Microsoft.VisualStudio.LaunchConfigurationService'. Class: Microsoft.VisualStudio.ProjectSystem.Server.LaunchConfigurationServiceFactory, Supported Version: 
11/18/2024 21:36:53 GMT+03:00 : Information : Started service 'Microsoft.VisualStudio.LaunchConfigurationService'. Pipe name: /Users/silakazan/.ServiceHub/8a3a894415/4ee6ebcfcd, Supported Version: 
11/18/2024 21:36:53 GMT+03:00 : Information : CLR host received start request for service 'Microsoft.VisualStudio.ProjectSystem.ProjectInitializationStatusService'
11/18/2024 21:36:53 GMT+03:00 : Information : hubHostClr write: Content-Length: 86

{"jsonrpc":"2.0","id":3,"result":"/Users/silakazan/.ServiceHub/8a3a894415/4ee6ebcfcd"}
11/18/2024 21:36:53 GMT+03:00 : Information : Loading service module assembly '/Users/silakazan/.vscode/extensions/ms-dotnettools.csdevkit-1.7.27-darwin-arm64/components/CPS/platforms/darwin-arm64/node_modules/@microsoft/visualstudio-projectsystem-server.darwin-arm64/Microsoft.VisualStudio.ProjectSystem.Server.Implementation.dll' from '/Users/silakazan/.vscode/extensions/ms-dotnettools.csdevkit-1.7.27-darwin-arm64/components/CPS/platforms/darwin-arm64/node_modules/@microsoft/visualstudio-projectsystem-server.darwin-arm64'
11/18/2024 21:36:53 GMT+03:00 : Information : Starting service module 'Microsoft.VisualStudio.ProjectSystem.ProjectInitializationStatusService'. Class: Microsoft.VisualStudio.ProjectSystem.Server.ProjectInitializationStatusServiceFactory, Supported Version: 
11/18/2024 21:36:53 GMT+03:00 : Information : Started service 'Microsoft.VisualStudio.ProjectSystem.ProjectInitializationStatusService'. Pipe name: /Users/silakazan/.ServiceHub/8a3a894415/8264f9f3a1, Supported Version: 
11/18/2024 21:36:53 GMT+03:00 : Information : hubHostClr write: Content-Length: 86

{"jsonrpc":"2.0","id":4,"result":"/Users/silakazan/.ServiceHub/8a3a894415/8264f9f3a1"}
11/18/2024 21:36:53 GMT+03:00 : Information : A new client connected to CLR service module 'Microsoft.VisualStudio.LaunchConfigurationService'
11/18/2024 21:36:53 GMT+03:00 : Information : A new client connected to CLR service module 'Microsoft.VisualStudio.ProjectSystem.ProjectInitializationStatusService'
11/18/2024 21:36:53 GMT+03:00 : Information : Found FactoryVersion=Version2 for service : Microsoft.VisualStudio.LaunchConfigurationService.
11/18/2024 21:36:53 GMT+03:00 : Information : Service 'Microsoft.VisualStudio.ProjectSystem.Server.LaunchConfigurationServiceFactory' implements IServiceHubServiceFactory. Creating factory instance and caching it.
11/18/2024 21:36:53 GMT+03:00 : Information : hubHostClr write: Content-Length: 119

{"jsonrpc":"2.0","method":"hostServicesStarted","params":["dotnet.projectSystem$C94B8CFE-E3FD-4BAF-A941-2866DBB566FE"]}
11/18/2024 21:36:53 GMT+03:00 : Information : Found FactoryVersion=Version2 for service : Microsoft.VisualStudio.ProjectSystem.ProjectInitializationStatusService.
11/18/2024 21:36:53 GMT+03:00 : Information : Service 'Microsoft.VisualStudio.ProjectSystem.Server.ProjectInitializationStatusServiceFactory' implements IServiceHubServiceFactory. Creating factory instance and caching it.
11/18/2024 21:36:53 GMT+03:00 : Information : Creating service Microsoft.VisualStudio.ProjectSystem.Server.LaunchConfigurationServiceFactory from factory with FactoryVersion=Version2 and ClientRequestedVersion=.
11/18/2024 21:36:53 GMT+03:00 : Information : Creating service Microsoft.VisualStudio.ProjectSystem.Server.ProjectInitializationStatusServiceFactory from factory with FactoryVersion=Version2 and ClientRequestedVersion=0.1.
11/18/2024 21:36:53 GMT+03:00 : Information : Setting up RPC connection for service 'Microsoft.VisualStudio.ProjectSystem.Server.LaunchConfigurationServiceFactory' from factory
11/18/2024 21:36:53 GMT+03:00 : Information : Setting up RPC connection for service 'Microsoft.VisualStudio.ProjectSystem.Server.ProjectInitializationStatusServiceFactory' from factory
11/18/2024 21:36:53 GMT+03:00 : Information : hubHostClr read: Content-Length: 2113

{"jsonrpc":"2.0","id":5,"method":"startService","params":[{"name":"Microsoft.VisualStudio.ProjectSystem.CompositionService","host":"dotnet.projectSystem","hostId":"C94B8CFE-E3FD-4BAF-A941-2866DBB566FE","serviceBaseDirectory":"/Users/silakazan/.vscode/extensions/ms-dotnettools.csdevkit-1.7.27-darwin-arm64/components/CPS/platforms/darwin-arm64/node_modules/@microsoft/visualstudio-projectsystem-server.darwin-arm64","entryPoint":{"assemblyPath":"/Users/silakazan/.vscode/extensions/ms-dotnettools.csdevkit-1.7.27-darwin-arm64/components/CPS/platforms/darwin-arm64/node_modules/@microsoft/visualstudio-projectsystem-server.darwin-arm64/Microsoft.VisualStudio.ProjectSystem.Server.Implementation.dll","fullClassName":"Microsoft.VisualStudio.ProjectSystem.Server.CompositionServiceFactory"}},{"ActivationArguments":{"__servicehub__ServiceModuleInfo_Microsoft.VisualStudio.ProjectSystem.CompositionService":"{\"name\":null,\"host\":\"dotnet.projectSystem\",\"hostId\":\"C94B8CFE-E3FD-4BAF-A941-2866DBB566FE\",\"serviceBaseDirectory\":\"/Users/silakazan/.vscode/extensions/ms-dotnettools.csdevkit-1.7.27-darwin-arm64/components/CPS/platforms/darwin-arm64/node_modules/@microsoft/visualstudio-projectsystem-server.darwin-arm64\",\"entryPoint\":{\"assemblyPath\":\"/Users/silakazan/.vscode/extensions/ms-dotnettools.csdevkit-1.7.27-darwin-arm64/components/CPS/platforms/darwin-arm64/node_modules/@microsoft/visualstudio-projectsystem-server.darwin-arm64/Microsoft.VisualStudio.ProjectSystem.Server.Implementation.dll\",\"fullClassName\":\"Microsoft.VisualStudio.ProjectSystem.Server.CompositionServiceFactory\",\"scriptPath\":null,\"constructorFunction\":null,\"configPath\":null,\"appBasePath\":null,\"assemblySearchPathsConfig\":null},\"hostGroupAllowed\":null,\"hostGroupId\":null,\"serviceOverride\":null,\"singleDomainLoaderOptimization\":null,\"versionRange\":null,\"friendServices\":null}","__servicehub__ServiceHubRemoteServiceBrokerPipeName":"/Users/silakazan/.ServiceHub/8a3a894415/ddd6d57e7b","__servicehub__RequestedServiceVersion":"0.1"},"ClientCredentials":{},"ClientCulture":"tr","ClientUICulture":"tr"}]}
11/18/2024 21:36:53 GMT+03:00 : Information : CLR host received start request for service 'Microsoft.VisualStudio.ProjectSystem.CompositionService'
11/18/2024 21:36:53 GMT+03:00 : Information : Loading service module assembly '/Users/silakazan/.vscode/extensions/ms-dotnettools.csdevkit-1.7.27-darwin-arm64/components/CPS/platforms/darwin-arm64/node_modules/@microsoft/visualstudio-projectsystem-server.darwin-arm64/Microsoft.VisualStudio.ProjectSystem.Server.Implementation.dll' from '/Users/silakazan/.vscode/extensions/ms-dotnettools.csdevkit-1.7.27-darwin-arm64/components/CPS/platforms/darwin-arm64/node_modules/@microsoft/visualstudio-projectsystem-server.darwin-arm64'
11/18/2024 21:36:53 GMT+03:00 : Information : Starting service module 'Microsoft.VisualStudio.ProjectSystem.CompositionService'. Class: Microsoft.VisualStudio.ProjectSystem.Server.CompositionServiceFactory, Supported Version: 
11/18/2024 21:36:53 GMT+03:00 : Information : Started service 'Microsoft.VisualStudio.ProjectSystem.CompositionService'. Pipe name: /Users/silakazan/.ServiceHub/8a3a894415/fd4cab9fe8, Supported Version: 
11/18/2024 21:36:53 GMT+03:00 : Information : hubHostClr write: Content-Length: 86

{"jsonrpc":"2.0","id":5,"result":"/Users/silakazan/.ServiceHub/8a3a894415/fd4cab9fe8"}
11/18/2024 21:36:53 GMT+03:00 : Information : A new client connected to CLR service module 'Microsoft.VisualStudio.ProjectSystem.CompositionService'
11/18/2024 21:36:53 GMT+03:00 : Information : Found FactoryVersion=Version2 for service : Microsoft.VisualStudio.ProjectSystem.CompositionService.
11/18/2024 21:36:53 GMT+03:00 : Information : Service 'Microsoft.VisualStudio.ProjectSystem.Server.CompositionServiceFactory' implements IServiceHubServiceFactory. Creating factory instance and caching it.
11/18/2024 21:36:53 GMT+03:00 : Information : Creating service Microsoft.VisualStudio.ProjectSystem.Server.CompositionServiceFactory from factory with FactoryVersion=Version2 and ClientRequestedVersion=0.1.
11/18/2024 21:36:53 GMT+03:00 : Information : Setting up RPC connection for service 'Microsoft.VisualStudio.ProjectSystem.Server.CompositionServiceFactory' from factory
11/18/2024 21:36:53 GMT+03:00 : Information : Completed RPC connection setup for service 'Microsoft.VisualStudio.ProjectSystem.Server.CompositionServiceFactory' from factory
11/18/2024 21:36:53 GMT+03:00 : Information : Completed RPC connection setup for service 'Microsoft.VisualStudio.ProjectSystem.Server.ProjectInitializationStatusServiceFactory' from factory
11/18/2024 21:36:53 GMT+03:00 : Information : Completed RPC connection setup for service 'Microsoft.VisualStudio.ProjectSystem.Server.LaunchConfigurationServiceFactory' from factory
11/18/2024 21:38:08 GMT+03:00 : Information : hubHostClr read: Content-Length: 2155

{"jsonrpc":"2.0","id":6,"method":"startService","params":[{"name":"Microsoft.VisualStudio.ProjectSystem.Query.Remoting.QueryExecutionService","host":"dotnet.projectSystem","hostId":"C94B8CFE-E3FD-4BAF-A941-2866DBB566FE","serviceBaseDirectory":"/Users/silakazan/.vscode/extensions/ms-dotnettools.csdevkit-1.7.27-darwin-arm64/components/CPS/platforms/darwin-arm64/node_modules/@microsoft/visualstudio-projectsystem-server.darwin-arm64","entryPoint":{"assemblyPath":"/Users/silakazan/.vscode/extensions/ms-dotnettools.csdevkit-1.7.27-darwin-arm64/components/CPS/platforms/darwin-arm64/node_modules/@microsoft/visualstudio-projectsystem-server.darwin-arm64/Microsoft.VisualStudio.ProjectSystem.Server.Implementation.dll","fullClassName":"Microsoft.VisualStudio.ProjectSystem.Server.QueryExecutionServiceFactory"}},{"ActivationArguments":{"__servicehub__ServiceModuleInfo_Microsoft.VisualStudio.ProjectSystem.Query.Remoting.QueryExecutionService":"{\"name\":null,\"host\":\"dotnet.projectSystem\",\"hostId\":\"C94B8CFE-E3FD-4BAF-A941-2866DBB566FE\",\"serviceBaseDirectory\":\"/Users/silakazan/.vscode/extensions/ms-dotnettools.csdevkit-1.7.27-darwin-arm64/components/CPS/platforms/darwin-arm64/node_modules/@microsoft/visualstudio-projectsystem-server.darwin-arm64\",\"entryPoint\":{\"assemblyPath\":\"/Users/silakazan/.vscode/extensions/ms-dotnettools.csdevkit-1.7.27-darwin-arm64/components/CPS/platforms/darwin-arm64/node_modules/@microsoft/visualstudio-projectsystem-server.darwin-arm64/Microsoft.VisualStudio.ProjectSystem.Server.Implementation.dll\",\"fullClassName\":\"Microsoft.VisualStudio.ProjectSystem.Server.QueryExecutionServiceFactory\",\"scriptPath\":null,\"constructorFunction\":null,\"configPath\":null,\"appBasePath\":null,\"assemblySearchPathsConfig\":null},\"hostGroupAllowed\":null,\"hostGroupId\":null,\"serviceOverride\":null,\"singleDomainLoaderOptimization\":null,\"versionRange\":null,\"friendServices\":null}","__servicehub__ServiceHubRemoteServiceBrokerPipeName":"/Users/silakazan/.ServiceHub/8a3a894415/fe2dcccad0","__servicehub__RequestedServiceVersion":"0.2"},"ClientCredentials":{},"ClientCulture":"tr","ClientUICulture":"tr"}]}
11/18/2024 21:38:08 GMT+03:00 : Information : CLR host received start request for service 'Microsoft.VisualStudio.ProjectSystem.Query.Remoting.QueryExecutionService'
11/18/2024 21:38:08 GMT+03:00 : Information : Loading service module assembly '/Users/silakazan/.vscode/extensions/ms-dotnettools.csdevkit-1.7.27-darwin-arm64/components/CPS/platforms/darwin-arm64/node_modules/@microsoft/visualstudio-projectsystem-server.darwin-arm64/Microsoft.VisualStudio.ProjectSystem.Server.Implementation.dll' from '/Users/silakazan/.vscode/extensions/ms-dotnettools.csdevkit-1.7.27-darwin-arm64/components/CPS/platforms/darwin-arm64/node_modules/@microsoft/visualstudio-projectsystem-server.darwin-arm64'
11/18/2024 21:38:08 GMT+03:00 : Information : Starting service module 'Microsoft.VisualStudio.ProjectSystem.Query.Remoting.QueryExecutionService'. Class: Microsoft.VisualStudio.ProjectSystem.Server.QueryExecutionServiceFactory, Supported Version: 
11/18/2024 21:38:08 GMT+03:00 : Information : Started service 'Microsoft.VisualStudio.ProjectSystem.Query.Remoting.QueryExecutionService'. Pipe name: /Users/silakazan/.ServiceHub/8a3a894415/07cc88f078, Supported Version: 
11/18/2024 21:38:08 GMT+03:00 : Information : hubHostClr write: Content-Length: 86

{"jsonrpc":"2.0","id":6,"result":"/Users/silakazan/.ServiceHub/8a3a894415/07cc88f078"}
11/18/2024 21:38:08 GMT+03:00 : Information : A new client connected to CLR service module 'Microsoft.VisualStudio.ProjectSystem.Query.Remoting.QueryExecutionService'
11/18/2024 21:38:08 GMT+03:00 : Information : Found FactoryVersion=Version2 for service : Microsoft.VisualStudio.ProjectSystem.Query.Remoting.QueryExecutionService.
11/18/2024 21:38:08 GMT+03:00 : Information : Service 'Microsoft.VisualStudio.ProjectSystem.Server.QueryExecutionServiceFactory' implements IServiceHubServiceFactory. Creating factory instance and caching it.
11/18/2024 21:38:08 GMT+03:00 : Information : Creating service Microsoft.VisualStudio.ProjectSystem.Server.QueryExecutionServiceFactory from factory with FactoryVersion=Version2 and ClientRequestedVersion=0.2.
11/18/2024 21:38:08 GMT+03:00 : Information : Setting up RPC connection for service 'Microsoft.VisualStudio.ProjectSystem.Server.QueryExecutionServiceFactory' from factory
11/18/2024 21:38:08 GMT+03:00 : Information : Completed RPC connection setup for service 'Microsoft.VisualStudio.ProjectSystem.Server.QueryExecutionServiceFactory' from factory
11/18/2024 21:38:11 GMT+03:00 : Information : hubHostClr read: Content-Length: 2155

{"jsonrpc":"2.0","id":7,"method":"startService","params":[{"name":"Microsoft.VisualStudio.ProjectSystem.Query.Remoting.QueryExecutionService","host":"dotnet.projectSystem","hostId":"C94B8CFE-E3FD-4BAF-A941-2866DBB566FE","serviceBaseDirectory":"/Users/silakazan/.vscode/extensions/ms-dotnettools.csdevkit-1.7.27-darwin-arm64/components/CPS/platforms/darwin-arm64/node_modules/@microsoft/visualstudio-projectsystem-server.darwin-arm64","entryPoint":{"assemblyPath":"/Users/silakazan/.vscode/extensions/ms-dotnettools.csdevkit-1.7.27-darwin-arm64/components/CPS/platforms/darwin-arm64/node_modules/@microsoft/visualstudio-projectsystem-server.darwin-arm64/Microsoft.VisualStudio.ProjectSystem.Server.Implementation.dll","fullClassName":"Microsoft.VisualStudio.ProjectSystem.Server.QueryExecutionServiceFactory"}},{"ActivationArguments":{"__servicehub__ServiceModuleInfo_Microsoft.VisualStudio.ProjectSystem.Query.Remoting.QueryExecutionService":"{\"name\":null,\"host\":\"dotnet.projectSystem\",\"hostId\":\"C94B8CFE-E3FD-4BAF-A941-2866DBB566FE\",\"serviceBaseDirectory\":\"/Users/silakazan/.vscode/extensions/ms-dotnettools.csdevkit-1.7.27-darwin-arm64/components/CPS/platforms/darwin-arm64/node_modules/@microsoft/visualstudio-projectsystem-server.darwin-arm64\",\"entryPoint\":{\"assemblyPath\":\"/Users/silakazan/.vscode/extensions/ms-dotnettools.csdevkit-1.7.27-darwin-arm64/components/CPS/platforms/darwin-arm64/node_modules/@microsoft/visualstudio-projectsystem-server.darwin-arm64/Microsoft.VisualStudio.ProjectSystem.Server.Implementation.dll\",\"fullClassName\":\"Microsoft.VisualStudio.ProjectSystem.Server.QueryExecutionServiceFactory\",\"scriptPath\":null,\"constructorFunction\":null,\"configPath\":null,\"appBasePath\":null,\"assemblySearchPathsConfig\":null},\"hostGroupAllowed\":null,\"hostGroupId\":null,\"serviceOverride\":null,\"singleDomainLoaderOptimization\":null,\"versionRange\":null,\"friendServices\":null}","__servicehub__ServiceHubRemoteServiceBrokerPipeName":"/Users/silakazan/.ServiceHub/8a3a894415/59959958fd","__servicehub__RequestedServiceVersion":"0.2"},"ClientCredentials":{},"ClientCulture":"tr","ClientUICulture":"tr"}]}
11/18/2024 21:38:11 GMT+03:00 : Information : CLR host received start request for service 'Microsoft.VisualStudio.ProjectSystem.Query.Remoting.QueryExecutionService'
11/18/2024 21:38:11 GMT+03:00 : Information : Loading service module assembly '/Users/silakazan/.vscode/extensions/ms-dotnettools.csdevkit-1.7.27-darwin-arm64/components/CPS/platforms/darwin-arm64/node_modules/@microsoft/visualstudio-projectsystem-server.darwin-arm64/Microsoft.VisualStudio.ProjectSystem.Server.Implementation.dll' from '/Users/silakazan/.vscode/extensions/ms-dotnettools.csdevkit-1.7.27-darwin-arm64/components/CPS/platforms/darwin-arm64/node_modules/@microsoft/visualstudio-projectsystem-server.darwin-arm64'
11/18/2024 21:38:11 GMT+03:00 : Information : Starting service module 'Microsoft.VisualStudio.ProjectSystem.Query.Remoting.QueryExecutionService'. Class: Microsoft.VisualStudio.ProjectSystem.Server.QueryExecutionServiceFactory, Supported Version: 
11/18/2024 21:38:11 GMT+03:00 : Information : Started service 'Microsoft.VisualStudio.ProjectSystem.Query.Remoting.QueryExecutionService'. Pipe name: /Users/silakazan/.ServiceHub/8a3a894415/60c0a0b627, Supported Version: 
11/18/2024 21:38:11 GMT+03:00 : Information : hubHostClr write: Content-Length: 86

{"jsonrpc":"2.0","id":7,"result":"/Users/silakazan/.ServiceHub/8a3a894415/60c0a0b627"}
11/18/2024 21:38:11 GMT+03:00 : Information : A new client connected to CLR service module 'Microsoft.VisualStudio.ProjectSystem.Query.Remoting.QueryExecutionService'
11/18/2024 21:38:11 GMT+03:00 : Information : Found IServiceHubServiceFactory in cache. Creating instance from the factory.
11/18/2024 21:38:11 GMT+03:00 : Information : Creating service Microsoft.VisualStudio.ProjectSystem.Server.QueryExecutionServiceFactory from factory with FactoryVersion=Version2 and ClientRequestedVersion=0.2.
11/18/2024 21:38:11 GMT+03:00 : Information : Setting up RPC connection for service 'Microsoft.VisualStudio.ProjectSystem.Server.QueryExecutionServiceFactory' from factory
11/18/2024 21:38:11 GMT+03:00 : Information : Completed RPC connection setup for service 'Microsoft.VisualStudio.ProjectSystem.Server.QueryExecutionServiceFactory' from factory
11/18/2024 21:42:03 GMT+03:00 : Information : hubHostClr write: Content-Length: 117

{"jsonrpc":"2.0","method":"hostServicesEnded","params":["dotnet.projectSystem$C94B8CFE-E3FD-4BAF-A941-2866DBB566FE"]}
11/18/2024 21:42:03 GMT+03:00 : Information : hubHostClr read: Content-Length: 46

{"jsonrpc":"2.0","method":"exit","params":[3]}
11/18/2024 21:42:03 GMT+03:00 : Information : Exit command received with reason 'ForcedControllerShutdown'. Exiting CLR host
11/18/2024 21:42:03 GMT+03:00 : Information : Checking if 'Microsoft.VisualStudio.ProjectSystem.Server.QueryExecutionServiceFactory' implements Microsoft.VisualStudio.Threading.IAsyncDisposable.
11/18/2024 21:42:03 GMT+03:00 : Information : Checking if 'Microsoft.VisualStudio.ProjectSystem.Server.QueryExecutionServiceFactory' implements System.IAsyncDisposable.
11/18/2024 21:42:03 GMT+03:00 : Information : Checking if 'Microsoft.VisualStudio.ProjectSystem.Server.QueryExecutionServiceFactory' implements System.IDisposable.
11/18/2024 21:42:03 GMT+03:00 : Information : Checking if 'Microsoft.VisualStudio.ProjectSystem.Server.CompositionServiceFactory' implements Microsoft.VisualStudio.Threading.IAsyncDisposable.
11/18/2024 21:42:03 GMT+03:00 : Information : Checking if 'Microsoft.VisualStudio.ProjectSystem.Server.CompositionServiceFactory' implements System.IAsyncDisposable.
11/18/2024 21:42:03 GMT+03:00 : Information : Checking if 'Microsoft.VisualStudio.ProjectSystem.Server.CompositionServiceFactory' implements System.IDisposable.
11/18/2024 21:42:03 GMT+03:00 : Information : Checking if 'Microsoft.VisualStudio.ProjectSystem.Server.ProjectInitializationStatusServiceFactory' implements Microsoft.VisualStudio.Threading.IAsyncDisposable.
11/18/2024 21:42:03 GMT+03:00 : Information : Checking if 'Microsoft.VisualStudio.ProjectSystem.Server.ProjectInitializationStatusServiceFactory' implements System.IAsyncDisposable.
11/18/2024 21:42:03 GMT+03:00 : Information : Checking if 'Microsoft.VisualStudio.ProjectSystem.Server.ProjectInitializationStatusServiceFactory' implements System.IDisposable.
11/18/2024 21:42:03 GMT+03:00 : Information : Checking if 'Microsoft.VisualStudio.ProjectSystem.Server.LaunchConfigurationServiceFactory' implements Microsoft.VisualStudio.Threading.IAsyncDisposable.
11/18/2024 21:42:03 GMT+03:00 : Information : Checking if 'Microsoft.VisualStudio.ProjectSystem.Server.LaunchConfigurationServiceFactory' implements System.IAsyncDisposable.
11/18/2024 21:42:03 GMT+03:00 : Information : Checking if 'Microsoft.VisualStudio.ProjectSystem.Server.LaunchConfigurationServiceFactory' implements System.IDisposable.
11/18/2024 21:42:03 GMT+03:00 : Information : hubHostClr JSON RPC has been disposed
11/18/2024 21:42:03 GMT+03:00 : Information : hubHostClr read: end of stream
